
 RUN  v3.2.4 /home/rkj/voidlock

Vite dev server started at http://localhost:5199
stdout | tests/e2e/DeploymentWrongUnit.test.ts > Deployment Wrong Unit Selection > Dragging a unit from a stacked cell should move the top-most unit
[BROWSER] [vite] connecting...

stdout | tests/e2e/DeploymentWrongUnit.test.ts > Deployment Wrong Unit Selection > Dragging a unit from a stacked cell should move the top-most unit
[BROWSER] [vite] connected.

stdout | tests/e2e/DeploymentWrongUnit.test.ts > Deployment Wrong Unit Selection > Dragging a unit from a stacked cell should move the top-most unit
[BROWSER] %c[INFO]%c TutorialManager enabled color: #2ecc71; font-weight: bold; 

stdout | tests/e2e/DeploymentWrongUnit.test.ts > Deployment Wrong Unit Selection > Dragging a unit from a stacked cell should move the top-most unit
[BROWSER] [HUDManager] initializeHUD start

stdout | tests/e2e/DeploymentWrongUnit.test.ts > Deployment Wrong Unit Selection > Dragging a unit from a stacked cell should move the top-most unit
[BROWSER] [HUDManager] Injecting HUD parts...

stdout | tests/e2e/DeploymentWrongUnit.test.ts > Deployment Wrong Unit Selection > Dragging a unit from a stacked cell should move the top-most unit
[BROWSER] [HUDManager] HUD parts injected

stdout | tests/e2e/DeploymentWrongUnit.test.ts > Deployment Wrong Unit Selection > Dragging a unit from a stacked cell should move the top-most unit
[BROWSER] [HUDManager] initializeHUD complete

stdout | tests/e2e/DeploymentWrongUnit.test.ts > Deployment Wrong Unit Selection > Dragging a unit from a stacked cell should move the top-most unit
[BROWSER] [InputManager] init called

stdout | tests/e2e/DeploymentWrongUnit.test.ts > Deployment Wrong Unit Selection > Dragging a unit from a stacked cell should move the top-most unit
[BROWSER] [InputBinder] bindAll start

stdout | tests/e2e/DeploymentWrongUnit.test.ts > Deployment Wrong Unit Selection > Dragging a unit from a stacked cell should move the top-most unit
[BROWSER] [InputBinder] Binding click to btn-menu-custom

stdout | tests/e2e/DeploymentWrongUnit.test.ts > Deployment Wrong Unit Selection > Dragging a unit from a stacked cell should move the top-most unit
[BROWSER] [InputBinder] Binding click to btn-menu-campaign

stdout | tests/e2e/DeploymentWrongUnit.test.ts > Deployment Wrong Unit Selection > Dragging a unit from a stacked cell should move the top-most unit
[BROWSER] [InputBinder] Binding click to btn-menu-statistics

stdout | tests/e2e/DeploymentWrongUnit.test.ts > Deployment Wrong Unit Selection > Dragging a unit from a stacked cell should move the top-most unit
[BROWSER] [InputBinder] Binding click to btn-menu-engineering

stdout | tests/e2e/DeploymentWrongUnit.test.ts > Deployment Wrong Unit Selection > Dragging a unit from a stacked cell should move the top-most unit
[BROWSER] [InputBinder] Binding click to btn-menu-settings

stdout | tests/e2e/DeploymentWrongUnit.test.ts > Deployment Wrong Unit Selection > Dragging a unit from a stacked cell should move the top-most unit
[BROWSER] [InputBinder] Binding click to btn-setup-back

stdout | tests/e2e/DeploymentWrongUnit.test.ts > Deployment Wrong Unit Selection > Dragging a unit from a stacked cell should move the top-most unit
[BROWSER] [InputBinder] Binding click to btn-launch-mission

stdout | tests/e2e/DeploymentWrongUnit.test.ts > Deployment Wrong Unit Selection > Dragging a unit from a stacked cell should move the top-most unit
[BROWSER] [InputBinder] Binding click to btn-give-up

stdout | tests/e2e/DeploymentWrongUnit.test.ts > Deployment Wrong Unit Selection > Dragging a unit from a stacked cell should move the top-most unit
[BROWSER] [InputBinder] Binding click to btn-goto-equipment

stdout | tests/e2e/DeploymentWrongUnit.test.ts > Deployment Wrong Unit Selection > Dragging a unit from a stacked cell should move the top-most unit
[BROWSER] [InputBinder] Binding click to btn-pause-toggle

stdout | tests/e2e/DeploymentWrongUnit.test.ts > Deployment Wrong Unit Selection > Dragging a unit from a stacked cell should move the top-most unit
[BROWSER] [InputBinder] Binding input to HTMLElement

stdout | tests/e2e/DeploymentWrongUnit.test.ts > Deployment Wrong Unit Selection > Dragging a unit from a stacked cell should move the top-most unit
[BROWSER] [InputBinder] Binding input to HTMLElement

stdout | tests/e2e/DeploymentWrongUnit.test.ts > Deployment Wrong Unit Selection > Dragging a unit from a stacked cell should move the top-most unit
[BROWSER] [InputBinder] Binding input to HTMLElement

stdout | tests/e2e/DeploymentWrongUnit.test.ts > Deployment Wrong Unit Selection > Dragging a unit from a stacked cell should move the top-most unit
[BROWSER] [InputBinder] Binding input to HTMLElement

stdout | tests/e2e/DeploymentWrongUnit.test.ts > Deployment Wrong Unit Selection > Dragging a unit from a stacked cell should move the top-most unit
[BROWSER] [InputBinder] Binding input to HTMLElement

stdout | tests/e2e/DeploymentWrongUnit.test.ts > Deployment Wrong Unit Selection > Dragging a unit from a stacked cell should move the top-most unit
[BROWSER] [InputBinder] Binding input to HTMLElement

stdout | tests/e2e/DeploymentWrongUnit.test.ts > Deployment Wrong Unit Selection > Dragging a unit from a stacked cell should move the top-most unit
[BROWSER] [InputBinder] Binding change to map-generator-type

stdout | tests/e2e/DeploymentWrongUnit.test.ts > Deployment Wrong Unit Selection > Dragging a unit from a stacked cell should move the top-most unit
[BROWSER] [InputBinder] Binding change to mission-type

stdout | tests/e2e/DeploymentWrongUnit.test.ts > Deployment Wrong Unit Selection > Dragging a unit from a stacked cell should move the top-most unit
[BROWSER] [InputBinder] Element not found: map-theme

stdout | tests/e2e/DeploymentWrongUnit.test.ts > Deployment Wrong Unit Selection > Dragging a unit from a stacked cell should move the top-most unit
[BROWSER] [InputBinder] Element not found: select-unit-style

stdout | tests/e2e/DeploymentWrongUnit.test.ts > Deployment Wrong Unit Selection > Dragging a unit from a stacked cell should move the top-most unit
[BROWSER] [InputBinder] Binding change to HTMLElement

stdout | tests/e2e/DeploymentWrongUnit.test.ts > Deployment Wrong Unit Selection > Dragging a unit from a stacked cell should move the top-most unit
[BROWSER] [InputBinder] Binding change to HTMLElement

stdout | tests/e2e/DeploymentWrongUnit.test.ts > Deployment Wrong Unit Selection > Dragging a unit from a stacked cell should move the top-most unit
[BROWSER] [InputBinder] Binding change to HTMLElement

stdout | tests/e2e/DeploymentWrongUnit.test.ts > Deployment Wrong Unit Selection > Dragging a unit from a stacked cell should move the top-most unit
[BROWSER] [InputBinder] Binding change to HTMLElement

stdout | tests/e2e/DeploymentWrongUnit.test.ts > Deployment Wrong Unit Selection > Dragging a unit from a stacked cell should move the top-most unit
[BROWSER] [InputBinder] Binding change to HTMLElement

stdout | tests/e2e/DeploymentWrongUnit.test.ts > Deployment Wrong Unit Selection > Dragging a unit from a stacked cell should move the top-most unit
[BROWSER] [InputBinder] Binding change to HTMLElement

stdout | tests/e2e/DeploymentWrongUnit.test.ts > Deployment Wrong Unit Selection > Dragging a unit from a stacked cell should move the top-most unit
[BROWSER] [InputBinder] Binding click to load-static-map

stdout | tests/e2e/DeploymentWrongUnit.test.ts > Deployment Wrong Unit Selection > Dragging a unit from a stacked cell should move the top-most unit
[BROWSER] [InputBinder] Binding change to upload-static-map

stdout | tests/e2e/DeploymentWrongUnit.test.ts > Deployment Wrong Unit Selection > Dragging a unit from a stacked cell should move the top-most unit
[BROWSER] [InputBinder] Binding click to convert-ascii-to-map

stdout | tests/e2e/DeploymentWrongUnit.test.ts > Deployment Wrong Unit Selection > Dragging a unit from a stacked cell should move the top-most unit
[BROWSER] [InputBinder] Binding change to import-replay

stdout | tests/e2e/DeploymentWrongUnit.test.ts > Deployment Wrong Unit Selection > Dragging a unit from a stacked cell should move the top-most unit
[BROWSER] [InputBinder] bindAll complete

stdout | tests/e2e/DeploymentWrongUnit.test.ts > Deployment Wrong Unit Selection > Dragging a unit from a stacked cell should move the top-most unit
[BROWSER] [NavigationOrchestrator] switchScreen: main-menu, isCampaign: false

stdout | tests/e2e/DeploymentWrongUnit.test.ts > Deployment Wrong Unit Selection > Dragging a unit from a stacked cell should move the top-most unit
[BROWSER] [NavigationOrchestrator] Hiding CampaignShell for main-menu

stdout | tests/e2e/DeploymentWrongUnit.test.ts > Deployment Wrong Unit Selection > Dragging a unit from a stacked cell should move the top-most unit
[BROWSER] [CampaignShell] hide

stdout | tests/e2e/DeploymentWrongUnit.test.ts > Deployment Wrong Unit Selection > Dragging a unit from a stacked cell should move the top-most unit
[BROWSER] [ScreenManager] show: main-menu, isCampaign: false

stdout | tests/e2e/DeploymentWrongUnit.test.ts > Deployment Wrong Unit Selection > Dragging a unit from a stacked cell should move the top-most unit
[BROWSER] [vite] connecting...

stdout | tests/e2e/DeploymentWrongUnit.test.ts > Deployment Wrong Unit Selection > Dragging a unit from a stacked cell should move the top-most unit
[BROWSER] [vite] connected.

stdout | tests/e2e/DeploymentWrongUnit.test.ts > Deployment Wrong Unit Selection > Dragging a unit from a stacked cell should move the top-most unit
[BROWSER] %c[INFO]%c TutorialManager enabled color: #2ecc71; font-weight: bold; 

stdout | tests/e2e/DeploymentWrongUnit.test.ts > Deployment Wrong Unit Selection > Dragging a unit from a stacked cell should move the top-most unit
[BROWSER] [HUDManager] initializeHUD start

stdout | tests/e2e/DeploymentWrongUnit.test.ts > Deployment Wrong Unit Selection > Dragging a unit from a stacked cell should move the top-most unit
[BROWSER] [HUDManager] Injecting HUD parts...

stdout | tests/e2e/DeploymentWrongUnit.test.ts > Deployment Wrong Unit Selection > Dragging a unit from a stacked cell should move the top-most unit
[BROWSER] [HUDManager] HUD parts injected

stdout | tests/e2e/DeploymentWrongUnit.test.ts > Deployment Wrong Unit Selection > Dragging a unit from a stacked cell should move the top-most unit
[BROWSER] [HUDManager] initializeHUD complete

stdout | tests/e2e/DeploymentWrongUnit.test.ts > Deployment Wrong Unit Selection > Dragging a unit from a stacked cell should move the top-most unit
[BROWSER] [InputManager] init called

stdout | tests/e2e/DeploymentWrongUnit.test.ts > Deployment Wrong Unit Selection > Dragging a unit from a stacked cell should move the top-most unit
[BROWSER] [InputBinder] bindAll start

stdout | tests/e2e/DeploymentWrongUnit.test.ts > Deployment Wrong Unit Selection > Dragging a unit from a stacked cell should move the top-most unit
[BROWSER] [InputBinder] Binding click to btn-menu-custom

stdout | tests/e2e/DeploymentWrongUnit.test.ts > Deployment Wrong Unit Selection > Dragging a unit from a stacked cell should move the top-most unit
[BROWSER] [InputBinder] Binding click to btn-menu-campaign

stdout | tests/e2e/DeploymentWrongUnit.test.ts > Deployment Wrong Unit Selection > Dragging a unit from a stacked cell should move the top-most unit
[BROWSER] [InputBinder] Binding click to btn-menu-statistics

stdout | tests/e2e/DeploymentWrongUnit.test.ts > Deployment Wrong Unit Selection > Dragging a unit from a stacked cell should move the top-most unit
[BROWSER] [InputBinder] Binding click to btn-menu-engineering

stdout | tests/e2e/DeploymentWrongUnit.test.ts > Deployment Wrong Unit Selection > Dragging a unit from a stacked cell should move the top-most unit
[BROWSER] [InputBinder] Binding click to btn-menu-settings

stdout | tests/e2e/DeploymentWrongUnit.test.ts > Deployment Wrong Unit Selection > Dragging a unit from a stacked cell should move the top-most unit
[BROWSER] [InputBinder] Binding click to btn-setup-back

stdout | tests/e2e/DeploymentWrongUnit.test.ts > Deployment Wrong Unit Selection > Dragging a unit from a stacked cell should move the top-most unit
[BROWSER] [InputBinder] Binding click to btn-launch-mission

stdout | tests/e2e/DeploymentWrongUnit.test.ts > Deployment Wrong Unit Selection > Dragging a unit from a stacked cell should move the top-most unit
[BROWSER] [InputBinder] Binding click to btn-give-up

stdout | tests/e2e/DeploymentWrongUnit.test.ts > Deployment Wrong Unit Selection > Dragging a unit from a stacked cell should move the top-most unit
[BROWSER] [InputBinder] Binding click to btn-goto-equipment

stdout | tests/e2e/DeploymentWrongUnit.test.ts > Deployment Wrong Unit Selection > Dragging a unit from a stacked cell should move the top-most unit
[BROWSER] [InputBinder] Binding click to btn-pause-toggle

stdout | tests/e2e/DeploymentWrongUnit.test.ts > Deployment Wrong Unit Selection > Dragging a unit from a stacked cell should move the top-most unit
[BROWSER] [InputBinder] Binding input to HTMLElement

stdout | tests/e2e/DeploymentWrongUnit.test.ts > Deployment Wrong Unit Selection > Dragging a unit from a stacked cell should move the top-most unit
[BROWSER] [InputBinder] Binding input to HTMLElement

stdout | tests/e2e/DeploymentWrongUnit.test.ts > Deployment Wrong Unit Selection > Dragging a unit from a stacked cell should move the top-most unit
[BROWSER] [InputBinder] Binding input to HTMLElement

stdout | tests/e2e/DeploymentWrongUnit.test.ts > Deployment Wrong Unit Selection > Dragging a unit from a stacked cell should move the top-most unit
[BROWSER] [InputBinder] Binding input to HTMLElement

stdout | tests/e2e/DeploymentWrongUnit.test.ts > Deployment Wrong Unit Selection > Dragging a unit from a stacked cell should move the top-most unit
[BROWSER] [InputBinder] Binding input to HTMLElement

stdout | tests/e2e/DeploymentWrongUnit.test.ts > Deployment Wrong Unit Selection > Dragging a unit from a stacked cell should move the top-most unit
[BROWSER] [InputBinder] Binding input to HTMLElement

stdout | tests/e2e/DeploymentWrongUnit.test.ts > Deployment Wrong Unit Selection > Dragging a unit from a stacked cell should move the top-most unit
[BROWSER] [InputBinder] Binding change to map-generator-type

stdout | tests/e2e/DeploymentWrongUnit.test.ts > Deployment Wrong Unit Selection > Dragging a unit from a stacked cell should move the top-most unit
[BROWSER] [InputBinder] Binding change to mission-type

stdout | tests/e2e/DeploymentWrongUnit.test.ts > Deployment Wrong Unit Selection > Dragging a unit from a stacked cell should move the top-most unit
[BROWSER] [InputBinder] Element not found: map-theme

stdout | tests/e2e/DeploymentWrongUnit.test.ts > Deployment Wrong Unit Selection > Dragging a unit from a stacked cell should move the top-most unit
[BROWSER] [InputBinder] Element not found: select-unit-style

stdout | tests/e2e/DeploymentWrongUnit.test.ts > Deployment Wrong Unit Selection > Dragging a unit from a stacked cell should move the top-most unit
[BROWSER] [InputBinder] Binding change to HTMLElement

stdout | tests/e2e/DeploymentWrongUnit.test.ts > Deployment Wrong Unit Selection > Dragging a unit from a stacked cell should move the top-most unit
[BROWSER] [InputBinder] Binding change to HTMLElement

stdout | tests/e2e/DeploymentWrongUnit.test.ts > Deployment Wrong Unit Selection > Dragging a unit from a stacked cell should move the top-most unit
[BROWSER] [InputBinder] Binding change to HTMLElement

stdout | tests/e2e/DeploymentWrongUnit.test.ts > Deployment Wrong Unit Selection > Dragging a unit from a stacked cell should move the top-most unit
[BROWSER] [InputBinder] Binding change to HTMLElement

stdout | tests/e2e/DeploymentWrongUnit.test.ts > Deployment Wrong Unit Selection > Dragging a unit from a stacked cell should move the top-most unit
[BROWSER] [InputBinder] Binding change to HTMLElement

stdout | tests/e2e/DeploymentWrongUnit.test.ts > Deployment Wrong Unit Selection > Dragging a unit from a stacked cell should move the top-most unit
[BROWSER] [InputBinder] Binding change to HTMLElement

stdout | tests/e2e/DeploymentWrongUnit.test.ts > Deployment Wrong Unit Selection > Dragging a unit from a stacked cell should move the top-most unit
[BROWSER] [InputBinder] Binding click to load-static-map

stdout | tests/e2e/DeploymentWrongUnit.test.ts > Deployment Wrong Unit Selection > Dragging a unit from a stacked cell should move the top-most unit
[BROWSER] [InputBinder] Binding change to upload-static-map

stdout | tests/e2e/DeploymentWrongUnit.test.ts > Deployment Wrong Unit Selection > Dragging a unit from a stacked cell should move the top-most unit
[BROWSER] [InputBinder] Binding click to convert-ascii-to-map

stdout | tests/e2e/DeploymentWrongUnit.test.ts > Deployment Wrong Unit Selection > Dragging a unit from a stacked cell should move the top-most unit
[BROWSER] [InputBinder] Binding change to import-replay

stdout | tests/e2e/DeploymentWrongUnit.test.ts > Deployment Wrong Unit Selection > Dragging a unit from a stacked cell should move the top-most unit
[BROWSER] [InputBinder] bindAll complete

stdout | tests/e2e/DeploymentWrongUnit.test.ts > Deployment Wrong Unit Selection > Dragging a unit from a stacked cell should move the top-most unit
[BROWSER] [NavigationOrchestrator] switchScreen: main-menu, isCampaign: false

stdout | tests/e2e/DeploymentWrongUnit.test.ts > Deployment Wrong Unit Selection > Dragging a unit from a stacked cell should move the top-most unit
[BROWSER] [NavigationOrchestrator] Hiding CampaignShell for main-menu

stdout | tests/e2e/DeploymentWrongUnit.test.ts > Deployment Wrong Unit Selection > Dragging a unit from a stacked cell should move the top-most unit
[BROWSER] [CampaignShell] hide

stdout | tests/e2e/DeploymentWrongUnit.test.ts > Deployment Wrong Unit Selection > Dragging a unit from a stacked cell should move the top-most unit
[BROWSER] [ScreenManager] show: main-menu, isCampaign: false

stdout | tests/e2e/DeploymentWrongUnit.test.ts > Deployment Wrong Unit Selection > Dragging a unit from a stacked cell should move the top-most unit
[BROWSER] [CampaignShell] show: mode=custom, tab=setup, missionType=null

stdout | tests/e2e/DeploymentWrongUnit.test.ts > Deployment Wrong Unit Selection > Dragging a unit from a stacked cell should move the top-most unit
[BROWSER] [NavigationOrchestrator] switchScreen: mission-setup, isCampaign: false

stdout | tests/e2e/DeploymentWrongUnit.test.ts > Deployment Wrong Unit Selection > Dragging a unit from a stacked cell should move the top-most unit
[BROWSER] [ScreenManager] show: mission-setup, isCampaign: false

stdout | tests/e2e/DeploymentWrongUnit.test.ts > Deployment Wrong Unit Selection > Dragging a unit from a stacked cell should move the top-most unit
[BROWSER] [NavigationOrchestrator] switchScreen: mission, isCampaign: false

stdout | tests/e2e/DeploymentWrongUnit.test.ts > Deployment Wrong Unit Selection > Dragging a unit from a stacked cell should move the top-most unit
[BROWSER] [NavigationOrchestrator] Hiding CampaignShell for mission

stdout | tests/e2e/DeploymentWrongUnit.test.ts > Deployment Wrong Unit Selection > Dragging a unit from a stacked cell should move the top-most unit
[BROWSER] [CampaignShell] hide

stdout | tests/e2e/DeploymentWrongUnit.test.ts > Deployment Wrong Unit Selection > Dragging a unit from a stacked cell should move the top-most unit
[BROWSER] [ScreenManager] show: mission, isCampaign: false

stdout | tests/e2e/DeploymentWrongUnit.test.ts > Deployment Wrong Unit Selection > Dragging a unit from a stacked cell should move the top-most unit
[BROWSER] %c[INFO]%c Configuration saved to LocalStorage (voidlock_custom_config). color: #2ecc71; font-weight: bold; 

stdout | tests/e2e/DeploymentWrongUnit.test.ts > Deployment Wrong Unit Selection > Dragging a unit from a stacked cell should move the top-most unit
[BROWSER] [CampaignShell] hide

stdout | tests/e2e/DeploymentWrongUnit.test.ts > Deployment Wrong Unit Selection > Dragging a unit from a stacked cell should move the top-most unit
[BROWSER] [ScreenManager] show: mission, isCampaign: false

stdout | tests/e2e/DeploymentWrongUnit.test.ts > Deployment Wrong Unit Selection > Dragging a unit from a stacked cell should move the top-most unit
[BROWSER] [GameClient] STATE_UPDATE t=0 status=Deployment mode=Simulation sid=sonarqg6p6n

stdout | tests/e2e/DeploymentWrongUnit.test.ts > Deployment Wrong Unit Selection > Dragging a unit from a stacked cell should move the top-most unit
[BROWSER] [GameClient] STATE_UPDATE t=0 status=Deployment mode=Simulation sid=sonarqg6p6n

stdout | tests/e2e/DeploymentWrongUnit.test.ts > Deployment Wrong Unit Selection > Dragging a unit from a stacked cell should move the top-most unit
[BROWSER] [GameClient] STATE_UPDATE t=0 status=Deployment mode=Simulation sid=sonarqg6p6n

stdout | tests/e2e/DeploymentWrongUnit.test.ts > Deployment Wrong Unit Selection > Dragging a unit from a stacked cell should move the top-most unit
[BROWSER] [GameClient] STATE_UPDATE t=0 status=Deployment mode=Simulation sid=sonarqg6p6n

stdout | tests/e2e/DeploymentWrongUnit.test.ts > Deployment Wrong Unit Selection > Dragging a unit from a stacked cell should move the top-most unit
[BROWSER] [GameClient] STATE_UPDATE t=0 status=Deployment mode=Simulation sid=sonarqg6p6n

stdout | tests/e2e/DeploymentWrongUnit.test.ts > Deployment Wrong Unit Selection > Dragging a unit from a stacked cell should move the top-most unit
[BROWSER] [GameClient] STATE_UPDATE t=0 status=Deployment mode=Simulation sid=sonarqg6p6n

stdout | tests/e2e/DeploymentWrongUnit.test.ts > Deployment Wrong Unit Selection > Dragging a unit from a stacked cell should move the top-most unit
[BROWSER] [GameClient] STATE_UPDATE t=0 status=Deployment mode=Simulation sid=sonarqg6p6n

stdout | tests/e2e/DeploymentWrongUnit.test.ts > Deployment Wrong Unit Selection > Dragging a unit from a stacked cell should move the top-most unit
[BROWSER] [GameClient] STATE_UPDATE t=0 status=Deployment mode=Simulation sid=sonarqg6p6n

stdout | tests/e2e/DeploymentWrongUnit.test.ts > Deployment Wrong Unit Selection > Dragging a unit from a stacked cell should move the top-most unit
[BROWSER] [GameClient] STATE_UPDATE t=0 status=Deployment mode=Simulation sid=sonarqg6p6n

stdout | tests/e2e/DeploymentWrongUnit.test.ts > Deployment Wrong Unit Selection > Dragging a unit from a stacked cell should move the top-most unit
[BROWSER] [GameClient] STATE_UPDATE t=0 status=Deployment mode=Simulation sid=sonarqg6p6n

stdout | tests/e2e/DeploymentWrongUnit.test.ts > Deployment Wrong Unit Selection > Dragging a unit from a stacked cell should move the top-most unit
[BROWSER] [GameClient] STATE_UPDATE t=0 status=Deployment mode=Simulation sid=sonarqg6p6n

stdout | tests/e2e/DeploymentWrongUnit.test.ts > Deployment Wrong Unit Selection > Dragging a unit from a stacked cell should move the top-most unit
[BROWSER] [GameClient] STATE_UPDATE t=0 status=Deployment mode=Simulation sid=sonarqg6p6n

stdout | tests/e2e/DeploymentWrongUnit.test.ts > Deployment Wrong Unit Selection > Dragging a unit from a stacked cell should move the top-most unit
[BROWSER] [GameClient] STATE_UPDATE t=0 status=Deployment mode=Simulation sid=sonarqg6p6n

stdout | tests/e2e/DeploymentWrongUnit.test.ts > Deployment Wrong Unit Selection > Dragging a unit from a stacked cell should move the top-most unit
[BROWSER] [GameClient] STATE_UPDATE t=0 status=Deployment mode=Simulation sid=sonarqg6p6n

stdout | tests/e2e/DeploymentWrongUnit.test.ts > Deployment Wrong Unit Selection > Dragging a unit from a stacked cell should move the top-most unit
[BROWSER] [GameClient] STATE_UPDATE t=0 status=Deployment mode=Simulation sid=sonarqg6p6n

stdout | tests/e2e/DeploymentWrongUnit.test.ts > Deployment Wrong Unit Selection > Dragging a unit from a stacked cell should move the top-most unit
[BROWSER] [GameClient] STATE_UPDATE t=0 status=Deployment mode=Simulation sid=sonarqg6p6n

stdout | tests/e2e/DeploymentWrongUnit.test.ts > Deployment Wrong Unit Selection > Dragging a unit from a stacked cell should move the top-most unit
[BROWSER] [GameClient] STATE_UPDATE t=0 status=Deployment mode=Simulation sid=sonarqg6p6n

stdout | tests/e2e/DeploymentWrongUnit.test.ts > Deployment Wrong Unit Selection > Dragging a unit from a stacked cell should move the top-most unit
[BROWSER] [GameClient] STATE_UPDATE t=0 status=Deployment mode=Simulation sid=sonarqg6p6n

stdout | tests/e2e/DeploymentWrongUnit.test.ts > Deployment Wrong Unit Selection > Dragging a unit from a stacked cell should move the top-most unit
[BROWSER] [GameClient] STATE_UPDATE t=0 status=Deployment mode=Simulation sid=sonarqg6p6n

stdout | tests/e2e/DeploymentWrongUnit.test.ts > Deployment Wrong Unit Selection > Dragging a unit from a stacked cell should move the top-most unit
[BROWSER] [GameClient] STATE_UPDATE t=0 status=Deployment mode=Simulation sid=sonarqg6p6n

stdout | tests/e2e/DeploymentWrongUnit.test.ts > Deployment Wrong Unit Selection > Dragging a unit from a stacked cell should move the top-most unit
[BROWSER] [GameClient] STATE_UPDATE t=0 status=Deployment mode=Simulation sid=sonarqg6p6n

stdout | tests/e2e/DeploymentWrongUnit.test.ts > Deployment Wrong Unit Selection > Dragging a unit from a stacked cell should move the top-most unit
[BROWSER] [GameClient] STATE_UPDATE t=0 status=Deployment mode=Simulation sid=sonarqg6p6n

stdout | tests/e2e/DeploymentWrongUnit.test.ts > Deployment Wrong Unit Selection > Dragging a unit from a stacked cell should move the top-most unit
[BROWSER] [GameClient] STATE_UPDATE t=0 status=Deployment mode=Simulation sid=sonarqg6p6n

stdout | tests/e2e/DeploymentWrongUnit.test.ts > Deployment Wrong Unit Selection > Dragging a unit from a stacked cell should move the top-most unit
[BROWSER] [GameClient] STATE_UPDATE t=0 status=Deployment mode=Simulation sid=sonarqg6p6n

stdout | tests/e2e/DeploymentWrongUnit.test.ts > Deployment Wrong Unit Selection > Dragging a unit from a stacked cell should move the top-most unit
[BROWSER] [GameClient] STATE_UPDATE t=0 status=Deployment mode=Simulation sid=sonarqg6p6n

stdout | tests/e2e/DeploymentWrongUnit.test.ts > Deployment Wrong Unit Selection > Dragging a unit from a stacked cell should move the top-most unit
[BROWSER] [GameClient] STATE_UPDATE t=0 status=Deployment mode=Simulation sid=sonarqg6p6n

stdout | tests/e2e/DeploymentWrongUnit.test.ts > Deployment Wrong Unit Selection > Dragging a unit from a stacked cell should move the top-most unit
[BROWSER] [GameClient] STATE_UPDATE t=0 status=Deployment mode=Simulation sid=sonarqg6p6n

stdout | tests/e2e/DeploymentWrongUnit.test.ts > Deployment Wrong Unit Selection > Dragging a unit from a stacked cell should move the top-most unit
[BROWSER] [GameClient] STATE_UPDATE t=0 status=Deployment mode=Simulation sid=sonarqg6p6n

stdout | tests/e2e/DeploymentWrongUnit.test.ts > Deployment Wrong Unit Selection > Dragging a unit from a stacked cell should move the top-most unit
[BROWSER] [GameClient] STATE_UPDATE t=0 status=Deployment mode=Simulation sid=sonarqg6p6n

stdout | tests/e2e/DeploymentWrongUnit.test.ts > Deployment Wrong Unit Selection > Dragging a unit from a stacked cell should move the top-most unit
[BROWSER] [GameClient] STATE_UPDATE t=0 status=Deployment mode=Simulation sid=sonarqg6p6n

stdout | tests/e2e/DeploymentWrongUnit.test.ts > Deployment Wrong Unit Selection > Dragging a unit from a stacked cell should move the top-most unit
[BROWSER] [GameClient] STATE_UPDATE t=0 status=Deployment mode=Simulation sid=sonarqg6p6n

stdout | tests/e2e/DeploymentWrongUnit.test.ts > Deployment Wrong Unit Selection > Dragging a unit from a stacked cell should move the top-most unit
[BROWSER] [GameClient] STATE_UPDATE t=0 status=Deployment mode=Simulation sid=sonarqg6p6n

stdout | tests/e2e/DeploymentWrongUnit.test.ts > Deployment Wrong Unit Selection > Dragging a unit from a stacked cell should move the top-most unit
[BROWSER] [GameClient] STATE_UPDATE t=0 status=Deployment mode=Simulation sid=sonarqg6p6n

stdout | tests/e2e/DeploymentWrongUnit.test.ts > Deployment Wrong Unit Selection > Dragging a unit from a stacked cell should move the top-most unit
[BROWSER] [GameClient] STATE_UPDATE t=0 status=Deployment mode=Simulation sid=sonarqg6p6n

stdout | tests/e2e/DeploymentWrongUnit.test.ts > Deployment Wrong Unit Selection > Dragging a unit from a stacked cell should move the top-most unit
[BROWSER] [GameClient] STATE_UPDATE t=0 status=Deployment mode=Simulation sid=sonarqg6p6n

stdout | tests/e2e/DeploymentWrongUnit.test.ts > Deployment Wrong Unit Selection > Dragging a unit from a stacked cell should move the top-most unit
[BROWSER] [GameClient] STATE_UPDATE t=0 status=Deployment mode=Simulation sid=sonarqg6p6n

stdout | tests/e2e/DeploymentWrongUnit.test.ts > Deployment Wrong Unit Selection > Dragging a unit from a stacked cell should move the top-most unit
[BROWSER] [GameClient] STATE_UPDATE t=0 status=Deployment mode=Simulation sid=sonarqg6p6n

stdout | tests/e2e/DeploymentWrongUnit.test.ts > Deployment Wrong Unit Selection > Dragging a unit from a stacked cell should move the top-most unit
[BROWSER] [GameClient] STATE_UPDATE t=0 status=Deployment mode=Simulation sid=sonarqg6p6n

stdout | tests/e2e/DeploymentWrongUnit.test.ts > Deployment Wrong Unit Selection > Dragging a unit from a stacked cell should move the top-most unit
[BROWSER] [GameClient] STATE_UPDATE t=0 status=Deployment mode=Simulation sid=sonarqg6p6n

stdout | tests/e2e/DeploymentWrongUnit.test.ts > Deployment Wrong Unit Selection > Dragging a unit from a stacked cell should move the top-most unit
[BROWSER] [GameClient] STATE_UPDATE t=0 status=Deployment mode=Simulation sid=sonarqg6p6n

stdout | tests/e2e/DeploymentWrongUnit.test.ts > Deployment Wrong Unit Selection > Dragging a unit from a stacked cell should move the top-most unit
[BROWSER] [GameClient] STATE_UPDATE t=0 status=Deployment mode=Simulation sid=sonarqg6p6n

stdout | tests/e2e/DeploymentWrongUnit.test.ts > Deployment Wrong Unit Selection > Dragging a unit from a stacked cell should move the top-most unit
[BROWSER] [GameClient] STATE_UPDATE t=0 status=Deployment mode=Simulation sid=sonarqg6p6n

stdout | tests/e2e/DeploymentWrongUnit.test.ts > Deployment Wrong Unit Selection > Dragging a unit from a stacked cell should move the top-most unit
[BROWSER] [GameClient] STATE_UPDATE t=0 status=Deployment mode=Simulation sid=sonarqg6p6n

stdout | tests/e2e/DeploymentWrongUnit.test.ts > Deployment Wrong Unit Selection > Dragging a unit from a stacked cell should move the top-most unit
[BROWSER] [GameClient] STATE_UPDATE t=0 status=Deployment mode=Simulation sid=sonarqg6p6n

stdout | tests/e2e/DeploymentWrongUnit.test.ts > Deployment Wrong Unit Selection > Dragging a unit from a stacked cell should move the top-most unit
[BROWSER] [GameClient] STATE_UPDATE t=0 status=Deployment mode=Simulation sid=sonarqg6p6n

stdout | tests/e2e/DeploymentWrongUnit.test.ts > Deployment Wrong Unit Selection > Dragging a unit from a stacked cell should move the top-most unit
[BROWSER] [GameClient] STATE_UPDATE t=0 status=Deployment mode=Simulation sid=sonarqg6p6n

stdout | tests/e2e/DeploymentWrongUnit.test.ts > Deployment Wrong Unit Selection > Dragging a unit from a stacked cell should move the top-most unit
[BROWSER] [GameClient] STATE_UPDATE t=0 status=Deployment mode=Simulation sid=sonarqg6p6n

stdout | tests/e2e/DeploymentWrongUnit.test.ts > Deployment Wrong Unit Selection > Dragging a unit from a stacked cell should move the top-most unit
[BROWSER] [GameClient] STATE_UPDATE t=0 status=Deployment mode=Simulation sid=sonarqg6p6n

stdout | tests/e2e/DeploymentWrongUnit.test.ts > Deployment Wrong Unit Selection > Dragging a unit from a stacked cell should move the top-most unit
[BROWSER] [GameClient] STATE_UPDATE t=0 status=Deployment mode=Simulation sid=sonarqg6p6n

stdout | tests/e2e/DeploymentWrongUnit.test.ts > Deployment Wrong Unit Selection > Dragging a unit from a stacked cell should move the top-most unit
[BROWSER] [GameClient] STATE_UPDATE t=0 status=Deployment mode=Simulation sid=sonarqg6p6n

stdout | tests/e2e/DeploymentWrongUnit.test.ts > Deployment Wrong Unit Selection > Dragging a unit from a stacked cell should move the top-most unit
[BROWSER] [GameClient] STATE_UPDATE t=0 status=Deployment mode=Simulation sid=sonarqg6p6n

stdout | tests/e2e/DeploymentWrongUnit.test.ts > Deployment Wrong Unit Selection > Dragging a unit from a stacked cell should move the top-most unit
[BROWSER] [GameClient] STATE_UPDATE t=0 status=Deployment mode=Simulation sid=sonarqg6p6n

stdout | tests/e2e/DeploymentWrongUnit.test.ts > Deployment Wrong Unit Selection > Dragging a unit from a stacked cell should move the top-most unit
[BROWSER] [GameClient] STATE_UPDATE t=0 status=Deployment mode=Simulation sid=sonarqg6p6n

stdout | tests/e2e/DeploymentWrongUnit.test.ts > Deployment Wrong Unit Selection > Dragging a unit from a stacked cell should move the top-most unit
[BROWSER] [GameClient] STATE_UPDATE t=0 status=Deployment mode=Simulation sid=sonarqg6p6n

stdout | tests/e2e/DeploymentWrongUnit.test.ts > Deployment Wrong Unit Selection > Dragging a unit from a stacked cell should move the top-most unit
[BROWSER] [GameClient] STATE_UPDATE t=0 status=Deployment mode=Simulation sid=sonarqg6p6n

stdout | tests/e2e/DeploymentWrongUnit.test.ts > Deployment Wrong Unit Selection > Dragging a unit from a stacked cell should move the top-most unit
[BROWSER] [GameClient] STATE_UPDATE t=0 status=Deployment mode=Simulation sid=sonarqg6p6n

stdout | tests/e2e/DeploymentWrongUnit.test.ts > Deployment Wrong Unit Selection > Dragging a unit from a stacked cell should move the top-most unit
[BROWSER] [GameClient] STATE_UPDATE t=0 status=Deployment mode=Simulation sid=sonarqg6p6n

stdout | tests/e2e/DeploymentWrongUnit.test.ts > Deployment Wrong Unit Selection > Dragging a unit from a stacked cell should move the top-most unit
[BROWSER] [GameClient] STATE_UPDATE t=0 status=Deployment mode=Simulation sid=sonarqg6p6n

stdout | tests/e2e/DeploymentWrongUnit.test.ts > Deployment Wrong Unit Selection > Dragging a unit from a stacked cell should move the top-most unit
[BROWSER] [GameClient] STATE_UPDATE t=0 status=Deployment mode=Simulation sid=sonarqg6p6n

stdout | tests/e2e/DeploymentWrongUnit.test.ts > Deployment Wrong Unit Selection > Dragging a unit from a stacked cell should move the top-most unit
[BROWSER] [GameClient] STATE_UPDATE t=0 status=Deployment mode=Simulation sid=sonarqg6p6n

stdout | tests/e2e/DeploymentWrongUnit.test.ts > Deployment Wrong Unit Selection > Dragging a unit from a stacked cell should move the top-most unit
[BROWSER] [GameClient] STATE_UPDATE t=0 status=Deployment mode=Simulation sid=sonarqg6p6n

stdout | tests/e2e/DeploymentWrongUnit.test.ts > Deployment Wrong Unit Selection > Dragging a unit from a stacked cell should move the top-most unit
[BROWSER] [GameClient] STATE_UPDATE t=0 status=Deployment mode=Simulation sid=sonarqg6p6n

stdout | tests/e2e/DeploymentWrongUnit.test.ts > Deployment Wrong Unit Selection > Dragging a unit from a stacked cell should move the top-most unit
[BROWSER] [GameClient] STATE_UPDATE t=0 status=Deployment mode=Simulation sid=sonarqg6p6n

stdout | tests/e2e/DeploymentWrongUnit.test.ts > Deployment Wrong Unit Selection > Dragging a unit from a stacked cell should move the top-most unit
[BROWSER] [GameClient] STATE_UPDATE t=0 status=Deployment mode=Simulation sid=sonarqg6p6n

stdout | tests/e2e/DeploymentWrongUnit.test.ts > Deployment Wrong Unit Selection > Dragging a unit from a stacked cell should move the top-most unit
[BROWSER] [GameClient] STATE_UPDATE t=0 status=Deployment mode=Simulation sid=sonarqg6p6n

stdout | tests/e2e/DeploymentWrongUnit.test.ts > Deployment Wrong Unit Selection > Dragging a unit from a stacked cell should move the top-most unit
[BROWSER] [GameClient] STATE_UPDATE t=0 status=Deployment mode=Simulation sid=sonarqg6p6n

stdout | tests/e2e/DeploymentWrongUnit.test.ts > Deployment Wrong Unit Selection > Dragging a unit from a stacked cell should move the top-most unit
[BROWSER] [GameClient] STATE_UPDATE t=0 status=Deployment mode=Simulation sid=sonarqg6p6n

stdout | tests/e2e/DeploymentWrongUnit.test.ts > Deployment Wrong Unit Selection > Dragging a unit from a stacked cell should move the top-most unit
[BROWSER] [GameClient] STATE_UPDATE t=0 status=Deployment mode=Simulation sid=sonarqg6p6n

stdout | tests/e2e/DeploymentWrongUnit.test.ts > Deployment Wrong Unit Selection > Dragging a unit from a stacked cell should move the top-most unit
[BROWSER] [GameClient] STATE_UPDATE t=0 status=Deployment mode=Simulation sid=sonarqg6p6n

stdout | tests/e2e/DeploymentWrongUnit.test.ts > Deployment Wrong Unit Selection > Dragging a unit from a stacked cell should move the top-most unit
[BROWSER] [GameClient] STATE_UPDATE t=0 status=Deployment mode=Simulation sid=sonarqg6p6n

stdout | tests/e2e/DeploymentWrongUnit.test.ts > Deployment Wrong Unit Selection > Dragging a unit from a stacked cell should move the top-most unit
[BROWSER] [GameClient] STATE_UPDATE t=0 status=Deployment mode=Simulation sid=sonarqg6p6n

stdout | tests/e2e/DeploymentWrongUnit.test.ts > Deployment Wrong Unit Selection > Dragging a unit from a stacked cell should move the top-most unit
[BROWSER] [GameClient] STATE_UPDATE t=0 status=Deployment mode=Simulation sid=sonarqg6p6n

stdout | tests/e2e/DeploymentWrongUnit.test.ts > Deployment Wrong Unit Selection > Dragging a unit from a stacked cell should move the top-most unit
[BROWSER] [GameClient] STATE_UPDATE t=0 status=Deployment mode=Simulation sid=sonarqg6p6n

stdout | tests/e2e/DeploymentWrongUnit.test.ts > Deployment Wrong Unit Selection > Dragging a unit from a stacked cell should move the top-most unit
[BROWSER] [GameClient] STATE_UPDATE t=0 status=Deployment mode=Simulation sid=sonarqg6p6n

stdout | tests/e2e/DeploymentWrongUnit.test.ts > Deployment Wrong Unit Selection > Dragging a unit from a stacked cell should move the top-most unit
[BROWSER] [GameClient] STATE_UPDATE t=0 status=Deployment mode=Simulation sid=sonarqg6p6n

stdout | tests/e2e/DeploymentWrongUnit.test.ts > Deployment Wrong Unit Selection > Dragging a unit from a stacked cell should move the top-most unit
[BROWSER] [GameClient] STATE_UPDATE t=0 status=Deployment mode=Simulation sid=sonarqg6p6n

stdout | tests/e2e/DeploymentWrongUnit.test.ts > Deployment Wrong Unit Selection > Dragging a unit from a stacked cell should move the top-most unit
[BROWSER] [GameClient] STATE_UPDATE t=0 status=Deployment mode=Simulation sid=sonarqg6p6n

stdout | tests/e2e/DeploymentWrongUnit.test.ts > Deployment Wrong Unit Selection > Dragging a unit from a stacked cell should move the top-most unit
[BROWSER] [GameClient] STATE_UPDATE t=0 status=Deployment mode=Simulation sid=sonarqg6p6n

stdout | tests/e2e/DeploymentWrongUnit.test.ts > Deployment Wrong Unit Selection > Dragging a unit from a stacked cell should move the top-most unit
[BROWSER] [GameClient] STATE_UPDATE t=0 status=Deployment mode=Simulation sid=sonarqg6p6n

stdout | tests/e2e/DeploymentWrongUnit.test.ts > Deployment Wrong Unit Selection > Dragging a unit from a stacked cell should move the top-most unit
[BROWSER] [GameClient] STATE_UPDATE t=0 status=Deployment mode=Simulation sid=sonarqg6p6n

stdout | tests/e2e/DeploymentWrongUnit.test.ts > Deployment Wrong Unit Selection > Dragging a unit from a stacked cell should move the top-most unit
[BROWSER] [GameClient] STATE_UPDATE t=0 status=Deployment mode=Simulation sid=sonarqg6p6n

stdout | tests/e2e/DeploymentWrongUnit.test.ts > Deployment Wrong Unit Selection > Dragging a unit from a stacked cell should move the top-most unit
[BROWSER] [GameClient] STATE_UPDATE t=0 status=Deployment mode=Simulation sid=sonarqg6p6n

stdout | tests/e2e/DeploymentWrongUnit.test.ts > Deployment Wrong Unit Selection > Dragging a unit from a stacked cell should move the top-most unit
[BROWSER] [GameClient] STATE_UPDATE t=0 status=Deployment mode=Simulation sid=sonarqg6p6n

stdout | tests/e2e/DeploymentWrongUnit.test.ts > Deployment Wrong Unit Selection > Dragging a unit from a stacked cell should move the top-most unit
[BROWSER] [GameClient] STATE_UPDATE t=0 status=Deployment mode=Simulation sid=sonarqg6p6n

stdout | tests/e2e/DeploymentWrongUnit.test.ts > Deployment Wrong Unit Selection > Dragging a unit from a stacked cell should move the top-most unit
[BROWSER] [GameClient] STATE_UPDATE t=0 status=Deployment mode=Simulation sid=sonarqg6p6n

stdout | tests/e2e/DeploymentWrongUnit.test.ts > Deployment Wrong Unit Selection > Dragging a unit from a stacked cell should move the top-most unit
[BROWSER] [GameClient] STATE_UPDATE t=0 status=Deployment mode=Simulation sid=sonarqg6p6n

stdout | tests/e2e/DeploymentWrongUnit.test.ts > Deployment Wrong Unit Selection > Dragging a unit from a stacked cell should move the top-most unit
[BROWSER] [GameClient] STATE_UPDATE t=0 status=Deployment mode=Simulation sid=sonarqg6p6n

stdout | tests/e2e/DeploymentWrongUnit.test.ts > Deployment Wrong Unit Selection > Dragging a unit from a stacked cell should move the top-most unit
[BROWSER] [GameClient] STATE_UPDATE t=0 status=Deployment mode=Simulation sid=sonarqg6p6n

stdout | tests/e2e/DeploymentWrongUnit.test.ts > Deployment Wrong Unit Selection > Dragging a unit from a stacked cell should move the top-most unit
[BROWSER] [GameClient] STATE_UPDATE t=0 status=Deployment mode=Simulation sid=sonarqg6p6n

stdout | tests/e2e/DeploymentWrongUnit.test.ts > Deployment Wrong Unit Selection > Dragging a unit from a stacked cell should move the top-most unit
[BROWSER] [GameClient] STATE_UPDATE t=0 status=Deployment mode=Simulation sid=sonarqg6p6n

stdout | tests/e2e/DeploymentWrongUnit.test.ts > Deployment Wrong Unit Selection > Dragging a unit from a stacked cell should move the top-most unit
[BROWSER] [GameClient] STATE_UPDATE t=0 status=Deployment mode=Simulation sid=sonarqg6p6n

stdout | tests/e2e/DeploymentWrongUnit.test.ts > Deployment Wrong Unit Selection > Dragging a unit from a stacked cell should move the top-most unit
[BROWSER] [GameClient] STATE_UPDATE t=0 status=Deployment mode=Simulation sid=sonarqg6p6n

stdout | tests/e2e/DeploymentWrongUnit.test.ts > Deployment Wrong Unit Selection > Dragging a unit from a stacked cell should move the top-most unit
[BROWSER] [GameClient] STATE_UPDATE t=0 status=Deployment mode=Simulation sid=sonarqg6p6n

stdout | tests/e2e/DeploymentWrongUnit.test.ts > Deployment Wrong Unit Selection > Dragging a unit from a stacked cell should move the top-most unit
[BROWSER] [GameClient] STATE_UPDATE t=0 status=Deployment mode=Simulation sid=sonarqg6p6n

stdout | tests/e2e/DeploymentWrongUnit.test.ts > Deployment Wrong Unit Selection > Dragging a unit from a stacked cell should move the top-most unit
[BROWSER] [GameClient] STATE_UPDATE t=0 status=Deployment mode=Simulation sid=sonarqg6p6n

stdout | tests/e2e/DeploymentWrongUnit.test.ts > Deployment Wrong Unit Selection > Dragging a unit from a stacked cell should move the top-most unit
[BROWSER] [GameClient] STATE_UPDATE t=0 status=Deployment mode=Simulation sid=sonarqg6p6n

stdout | tests/e2e/DeploymentWrongUnit.test.ts > Deployment Wrong Unit Selection > Dragging a unit from a stacked cell should move the top-most unit
[BROWSER] [GameClient] STATE_UPDATE t=0 status=Deployment mode=Simulation sid=sonarqg6p6n

stdout | tests/e2e/DeploymentWrongUnit.test.ts > Deployment Wrong Unit Selection > Dragging a unit from a stacked cell should move the top-most unit
[BROWSER] [GameClient] STATE_UPDATE t=0 status=Deployment mode=Simulation sid=sonarqg6p6n

stdout | tests/e2e/DeploymentWrongUnit.test.ts > Deployment Wrong Unit Selection > Dragging a unit from a stacked cell should move the top-most unit
[BROWSER] [GameClient] STATE_UPDATE t=0 status=Deployment mode=Simulation sid=sonarqg6p6n

stdout | tests/e2e/DeploymentWrongUnit.test.ts > Deployment Wrong Unit Selection > Dragging a unit from a stacked cell should move the top-most unit
[BROWSER] [GameClient] STATE_UPDATE t=0 status=Deployment mode=Simulation sid=sonarqg6p6n

stdout | tests/e2e/DeploymentWrongUnit.test.ts > Deployment Wrong Unit Selection > Dragging a unit from a stacked cell should move the top-most unit
[BROWSER] [GameClient] STATE_UPDATE t=0 status=Deployment mode=Simulation sid=sonarqg6p6n

stdout | tests/e2e/DeploymentWrongUnit.test.ts > Deployment Wrong Unit Selection > Dragging a unit from a stacked cell should move the top-most unit
[BROWSER] [GameClient] STATE_UPDATE t=0 status=Deployment mode=Simulation sid=sonarqg6p6n

stdout | tests/e2e/DeploymentWrongUnit.test.ts > Deployment Wrong Unit Selection > Dragging a unit from a stacked cell should move the top-most unit
[BROWSER] [GameClient] STATE_UPDATE t=0 status=Deployment mode=Simulation sid=sonarqg6p6n

stdout | tests/e2e/DeploymentWrongUnit.test.ts > Deployment Wrong Unit Selection > Dragging a unit from a stacked cell should move the top-most unit
[BROWSER] [GameClient] STATE_UPDATE t=0 status=Deployment mode=Simulation sid=sonarqg6p6n

stdout | tests/e2e/DeploymentWrongUnit.test.ts > Deployment Wrong Unit Selection > Dragging a unit from a stacked cell should move the top-most unit
[BROWSER] [GameClient] STATE_UPDATE t=0 status=Deployment mode=Simulation sid=sonarqg6p6n

stdout | tests/e2e/DeploymentWrongUnit.test.ts > Deployment Wrong Unit Selection > Dragging a unit from a stacked cell should move the top-most unit
[BROWSER] [GameClient] STATE_UPDATE t=0 status=Deployment mode=Simulation sid=sonarqg6p6n

stdout | tests/e2e/DeploymentWrongUnit.test.ts > Deployment Wrong Unit Selection > Dragging a unit from a stacked cell should move the top-most unit
[BROWSER] [GameClient] STATE_UPDATE t=0 status=Deployment mode=Simulation sid=sonarqg6p6n

stdout | tests/e2e/DeploymentWrongUnit.test.ts > Deployment Wrong Unit Selection > Dragging a unit from a stacked cell should move the top-most unit
[BROWSER] [GameClient] STATE_UPDATE t=0 status=Deployment mode=Simulation sid=sonarqg6p6n

stdout | tests/e2e/DeploymentWrongUnit.test.ts > Deployment Wrong Unit Selection > Dragging a unit from a stacked cell should move the top-most unit
[BROWSER] [GameClient] STATE_UPDATE t=0 status=Deployment mode=Simulation sid=sonarqg6p6n

stdout | tests/e2e/DeploymentWrongUnit.test.ts > Deployment Wrong Unit Selection > Dragging a unit from a stacked cell should move the top-most unit
[BROWSER] [GameClient] STATE_UPDATE t=0 status=Deployment mode=Simulation sid=sonarqg6p6n

stdout | tests/e2e/DeploymentWrongUnit.test.ts > Deployment Wrong Unit Selection > Dragging a unit from a stacked cell should move the top-most unit
[BROWSER] [GameClient] STATE_UPDATE t=0 status=Deployment mode=Simulation sid=sonarqg6p6n

stdout | tests/e2e/DeploymentWrongUnit.test.ts > Deployment Wrong Unit Selection > Dragging a unit from a stacked cell should move the top-most unit
[BROWSER] [GameClient] STATE_UPDATE t=0 status=Deployment mode=Simulation sid=sonarqg6p6n

stdout | tests/e2e/DeploymentWrongUnit.test.ts > Deployment Wrong Unit Selection > Dragging a unit from a stacked cell should move the top-most unit
[BROWSER] [GameClient] STATE_UPDATE t=0 status=Deployment mode=Simulation sid=sonarqg6p6n

stdout | tests/e2e/DeploymentWrongUnit.test.ts > Deployment Wrong Unit Selection > Dragging a unit from a stacked cell should move the top-most unit
[BROWSER] [GameClient] STATE_UPDATE t=0 status=Deployment mode=Simulation sid=sonarqg6p6n

stdout | tests/e2e/DeploymentWrongUnit.test.ts > Deployment Wrong Unit Selection > Dragging a unit from a stacked cell should move the top-most unit
[BROWSER] [GameClient] STATE_UPDATE t=0 status=Deployment mode=Simulation sid=sonarqg6p6n

stdout | tests/e2e/DeploymentWrongUnit.test.ts > Deployment Wrong Unit Selection > Dragging a unit from a stacked cell should move the top-most unit
[BROWSER] [GameClient] STATE_UPDATE t=0 status=Deployment mode=Simulation sid=sonarqg6p6n

stdout | tests/e2e/DeploymentWrongUnit.test.ts > Deployment Wrong Unit Selection > Dragging a unit from a stacked cell should move the top-most unit
[BROWSER] [GameClient] STATE_UPDATE t=0 status=Deployment mode=Simulation sid=sonarqg6p6n

stdout | tests/e2e/DeploymentWrongUnit.test.ts > Deployment Wrong Unit Selection > Dragging a unit from a stacked cell should move the top-most unit
[BROWSER] [GameClient] STATE_UPDATE t=0 status=Deployment mode=Simulation sid=sonarqg6p6n

stdout | tests/e2e/DeploymentWrongUnit.test.ts > Deployment Wrong Unit Selection > Dragging a unit from a stacked cell should move the top-most unit
[BROWSER] [GameClient] STATE_UPDATE t=0 status=Deployment mode=Simulation sid=sonarqg6p6n

stdout | tests/e2e/DeploymentWrongUnit.test.ts > Deployment Wrong Unit Selection > Dragging a unit from a stacked cell should move the top-most unit
[BROWSER] [GameClient] STATE_UPDATE t=0 status=Deployment mode=Simulation sid=sonarqg6p6n

stdout | tests/e2e/DeploymentWrongUnit.test.ts > Deployment Wrong Unit Selection > Dragging a unit from a stacked cell should move the top-most unit
[BROWSER] [GameClient] STATE_UPDATE t=0 status=Deployment mode=Simulation sid=sonarqg6p6n

stdout | tests/e2e/DeploymentWrongUnit.test.ts > Deployment Wrong Unit Selection > Dragging a unit from a stacked cell should move the top-most unit
[BROWSER] [GameClient] STATE_UPDATE t=0 status=Deployment mode=Simulation sid=sonarqg6p6n

stdout | tests/e2e/DeploymentWrongUnit.test.ts > Deployment Wrong Unit Selection > Dragging a unit from a stacked cell should move the top-most unit
[BROWSER] [GameClient] STATE_UPDATE t=0 status=Deployment mode=Simulation sid=sonarqg6p6n

stdout | tests/e2e/DeploymentWrongUnit.test.ts > Deployment Wrong Unit Selection > Dragging a unit from a stacked cell should move the top-most unit
[BROWSER] [GameClient] STATE_UPDATE t=0 status=Deployment mode=Simulation sid=sonarqg6p6n

stdout | tests/e2e/DeploymentWrongUnit.test.ts > Deployment Wrong Unit Selection > Dragging a unit from a stacked cell should move the top-most unit
[BROWSER] [GameClient] STATE_UPDATE t=0 status=Deployment mode=Simulation sid=sonarqg6p6n

stdout | tests/e2e/DeploymentWrongUnit.test.ts > Deployment Wrong Unit Selection > Dragging a unit from a stacked cell should move the top-most unit
[BROWSER] [GameClient] STATE_UPDATE t=0 status=Deployment mode=Simulation sid=sonarqg6p6n

stdout | tests/e2e/DeploymentWrongUnit.test.ts > Deployment Wrong Unit Selection > Dragging a unit from a stacked cell should move the top-most unit
[BROWSER] [GameClient] STATE_UPDATE t=0 status=Deployment mode=Simulation sid=sonarqg6p6n

stdout | tests/e2e/DeploymentWrongUnit.test.ts > Deployment Wrong Unit Selection > Dragging a unit from a stacked cell should move the top-most unit
[BROWSER] [GameClient] STATE_UPDATE t=0 status=Deployment mode=Simulation sid=sonarqg6p6n

stdout | tests/e2e/DeploymentWrongUnit.test.ts > Deployment Wrong Unit Selection > Dragging a unit from a stacked cell should move the top-most unit
[BROWSER] [GameClient] STATE_UPDATE t=0 status=Deployment mode=Simulation sid=sonarqg6p6n

stdout | tests/e2e/DeploymentWrongUnit.test.ts > Deployment Wrong Unit Selection > Dragging a unit from a stacked cell should move the top-most unit
[BROWSER] [GameClient] STATE_UPDATE t=0 status=Deployment mode=Simulation sid=sonarqg6p6n

stdout | tests/e2e/DeploymentWrongUnit.test.ts > Deployment Wrong Unit Selection > Dragging a unit from a stacked cell should move the top-most unit
[BROWSER] [GameClient] STATE_UPDATE t=0 status=Deployment mode=Simulation sid=sonarqg6p6n

stdout | tests/e2e/DeploymentWrongUnit.test.ts > Deployment Wrong Unit Selection > Dragging a unit from a stacked cell should move the top-most unit
[BROWSER] [GameClient] STATE_UPDATE t=0 status=Deployment mode=Simulation sid=sonarqg6p6n

stdout | tests/e2e/DeploymentWrongUnit.test.ts > Deployment Wrong Unit Selection > Dragging a unit from a stacked cell should move the top-most unit
[BROWSER] [GameClient] STATE_UPDATE t=0 status=Deployment mode=Simulation sid=sonarqg6p6n

stdout | tests/e2e/DeploymentWrongUnit.test.ts > Deployment Wrong Unit Selection > Dragging a unit from a stacked cell should move the top-most unit
[BROWSER] [GameClient] STATE_UPDATE t=0 status=Deployment mode=Simulation sid=sonarqg6p6n

stdout | tests/e2e/DeploymentWrongUnit.test.ts > Deployment Wrong Unit Selection > Dragging a unit from a stacked cell should move the top-most unit
[BROWSER] [GameClient] STATE_UPDATE t=0 status=Deployment mode=Simulation sid=sonarqg6p6n

stdout | tests/e2e/DeploymentWrongUnit.test.ts > Deployment Wrong Unit Selection > Dragging a unit from a stacked cell should move the top-most unit
[BROWSER] [GameClient] STATE_UPDATE t=0 status=Deployment mode=Simulation sid=sonarqg6p6n

stdout | tests/e2e/DeploymentWrongUnit.test.ts > Deployment Wrong Unit Selection > Dragging a unit from a stacked cell should move the top-most unit
[BROWSER] [GameClient] STATE_UPDATE t=0 status=Deployment mode=Simulation sid=sonarqg6p6n

stdout | tests/e2e/DeploymentWrongUnit.test.ts > Deployment Wrong Unit Selection > Dragging a unit from a stacked cell should move the top-most unit
[BROWSER] [GameClient] STATE_UPDATE t=0 status=Deployment mode=Simulation sid=sonarqg6p6n

stdout | tests/e2e/DeploymentWrongUnit.test.ts > Deployment Wrong Unit Selection > Dragging a unit from a stacked cell should move the top-most unit
[BROWSER] [GameClient] STATE_UPDATE t=0 status=Deployment mode=Simulation sid=sonarqg6p6n

stdout | tests/e2e/DeploymentWrongUnit.test.ts > Deployment Wrong Unit Selection > Dragging a unit from a stacked cell should move the top-most unit
[BROWSER] [GameClient] STATE_UPDATE t=0 status=Deployment mode=Simulation sid=sonarqg6p6n

stdout | tests/e2e/DeploymentWrongUnit.test.ts > Deployment Wrong Unit Selection > Dragging a unit from a stacked cell should move the top-most unit
[BROWSER] [GameClient] STATE_UPDATE t=0 status=Deployment mode=Simulation sid=sonarqg6p6n

stdout | tests/e2e/DeploymentWrongUnit.test.ts > Deployment Wrong Unit Selection > Dragging a unit from a stacked cell should move the top-most unit
[BROWSER] [GameClient] STATE_UPDATE t=0 status=Deployment mode=Simulation sid=sonarqg6p6n

stdout | tests/e2e/DeploymentWrongUnit.test.ts > Deployment Wrong Unit Selection > Dragging a unit from a stacked cell should move the top-most unit
[BROWSER] [GameClient] STATE_UPDATE t=0 status=Deployment mode=Simulation sid=sonarqg6p6n

stdout | tests/e2e/DeploymentWrongUnit.test.ts > Deployment Wrong Unit Selection > Dragging a unit from a stacked cell should move the top-most unit
[BROWSER] [GameClient] STATE_UPDATE t=0 status=Deployment mode=Simulation sid=sonarqg6p6n

stdout | tests/e2e/DeploymentWrongUnit.test.ts > Deployment Wrong Unit Selection > Dragging a unit from a stacked cell should move the top-most unit
[BROWSER] [GameClient] STATE_UPDATE t=0 status=Deployment mode=Simulation sid=sonarqg6p6n

stdout | tests/e2e/DeploymentWrongUnit.test.ts > Deployment Wrong Unit Selection > Dragging a unit from a stacked cell should move the top-most unit
[BROWSER] [GameClient] STATE_UPDATE t=0 status=Deployment mode=Simulation sid=sonarqg6p6n

stdout | tests/e2e/DeploymentWrongUnit.test.ts > Deployment Wrong Unit Selection > Dragging a unit from a stacked cell should move the top-most unit
[BROWSER] [GameClient] STATE_UPDATE t=0 status=Deployment mode=Simulation sid=sonarqg6p6n

stdout | tests/e2e/DeploymentWrongUnit.test.ts > Deployment Wrong Unit Selection > Dragging a unit from a stacked cell should move the top-most unit
[BROWSER] [GameClient] STATE_UPDATE t=0 status=Deployment mode=Simulation sid=sonarqg6p6n

stdout | tests/e2e/DeploymentWrongUnit.test.ts > Deployment Wrong Unit Selection > Dragging a unit from a stacked cell should move the top-most unit
[BROWSER] [GameClient] STATE_UPDATE t=0 status=Deployment mode=Simulation sid=sonarqg6p6n

stdout | tests/e2e/DeploymentWrongUnit.test.ts > Deployment Wrong Unit Selection > Dragging a unit from a stacked cell should move the top-most unit
[BROWSER] [GameClient] STATE_UPDATE t=0 status=Deployment mode=Simulation sid=sonarqg6p6n

stdout | tests/e2e/DeploymentWrongUnit.test.ts > Deployment Wrong Unit Selection > Dragging a unit from a stacked cell should move the top-most unit
[BROWSER] [GameClient] STATE_UPDATE t=0 status=Deployment mode=Simulation sid=sonarqg6p6n

stdout | tests/e2e/DeploymentWrongUnit.test.ts > Deployment Wrong Unit Selection > Dragging a unit from a stacked cell should move the top-most unit
[BROWSER] [GameClient] STATE_UPDATE t=0 status=Deployment mode=Simulation sid=sonarqg6p6n

stdout | tests/e2e/DeploymentWrongUnit.test.ts > Deployment Wrong Unit Selection > Dragging a unit from a stacked cell should move the top-most unit
[BROWSER] [GameClient] STATE_UPDATE t=0 status=Deployment mode=Simulation sid=sonarqg6p6n

stdout | tests/e2e/DeploymentWrongUnit.test.ts > Deployment Wrong Unit Selection > Dragging a unit from a stacked cell should move the top-most unit
[BROWSER] [GameClient] STATE_UPDATE t=0 status=Deployment mode=Simulation sid=sonarqg6p6n

stdout | tests/e2e/DeploymentWrongUnit.test.ts > Deployment Wrong Unit Selection > Dragging a unit from a stacked cell should move the top-most unit
[BROWSER] [GameClient] STATE_UPDATE t=0 status=Deployment mode=Simulation sid=sonarqg6p6n

stdout | tests/e2e/DeploymentWrongUnit.test.ts > Deployment Wrong Unit Selection > Dragging a unit from a stacked cell should move the top-most unit
[BROWSER] [GameClient] STATE_UPDATE t=0 status=Deployment mode=Simulation sid=sonarqg6p6n

stdout | tests/e2e/DeploymentWrongUnit.test.ts > Deployment Wrong Unit Selection > Dragging a unit from a stacked cell should move the top-most unit
[BROWSER] [GameClient] STATE_UPDATE t=0 status=Deployment mode=Simulation sid=sonarqg6p6n

stdout | tests/e2e/DeploymentWrongUnit.test.ts > Deployment Wrong Unit Selection > Dragging a unit from a stacked cell should move the top-most unit
[BROWSER] [GameClient] STATE_UPDATE t=0 status=Deployment mode=Simulation sid=sonarqg6p6n

stdout | tests/e2e/DeploymentWrongUnit.test.ts > Deployment Wrong Unit Selection > Dragging a unit from a stacked cell should move the top-most unit
[BROWSER] [GameClient] STATE_UPDATE t=0 status=Deployment mode=Simulation sid=sonarqg6p6n

stdout | tests/e2e/DeploymentWrongUnit.test.ts > Deployment Wrong Unit Selection > Dragging a unit from a stacked cell should move the top-most unit
[BROWSER] [GameClient] STATE_UPDATE t=0 status=Deployment mode=Simulation sid=sonarqg6p6n

stdout | tests/e2e/DeploymentWrongUnit.test.ts > Deployment Wrong Unit Selection > Dragging a unit from a stacked cell should move the top-most unit
[BROWSER] [GameClient] STATE_UPDATE t=0 status=Deployment mode=Simulation sid=sonarqg6p6n

stdout | tests/e2e/DeploymentWrongUnit.test.ts > Deployment Wrong Unit Selection > Dragging a unit from a stacked cell should move the top-most unit
[BROWSER] [GameClient] STATE_UPDATE t=0 status=Deployment mode=Simulation sid=sonarqg6p6n

stdout | tests/e2e/DeploymentWrongUnit.test.ts > Deployment Wrong Unit Selection > Dragging a unit from a stacked cell should move the top-most unit
[BROWSER] [GameClient] STATE_UPDATE t=0 status=Deployment mode=Simulation sid=sonarqg6p6n

stdout | tests/e2e/DeploymentWrongUnit.test.ts > Deployment Wrong Unit Selection > Dragging a unit from a stacked cell should move the top-most unit
[BROWSER] [GameClient] STATE_UPDATE t=0 status=Deployment mode=Simulation sid=sonarqg6p6n

stdout | tests/e2e/DeploymentWrongUnit.test.ts > Deployment Wrong Unit Selection > Dragging a unit from a stacked cell should move the top-most unit
[BROWSER] [GameClient] STATE_UPDATE t=0 status=Deployment mode=Simulation sid=sonarqg6p6n

stdout | tests/e2e/DeploymentWrongUnit.test.ts > Deployment Wrong Unit Selection > Dragging a unit from a stacked cell should move the top-most unit
[BROWSER] [GameClient] STATE_UPDATE t=0 status=Deployment mode=Simulation sid=sonarqg6p6n

stdout | tests/e2e/DeploymentWrongUnit.test.ts > Deployment Wrong Unit Selection > Dragging a unit from a stacked cell should move the top-most unit
[BROWSER] [GameClient] STATE_UPDATE t=0 status=Deployment mode=Simulation sid=sonarqg6p6n

stdout | tests/e2e/DeploymentWrongUnit.test.ts > Deployment Wrong Unit Selection > Dragging a unit from a stacked cell should move the top-most unit
[BROWSER] [GameClient] STATE_UPDATE t=0 status=Deployment mode=Simulation sid=sonarqg6p6n

stdout | tests/e2e/DeploymentWrongUnit.test.ts > Deployment Wrong Unit Selection > Dragging a unit from a stacked cell should move the top-most unit
[BROWSER] [GameClient] STATE_UPDATE t=0 status=Deployment mode=Simulation sid=sonarqg6p6n

stdout | tests/e2e/DeploymentWrongUnit.test.ts > Deployment Wrong Unit Selection > Dragging a unit from a stacked cell should move the top-most unit
[BROWSER] [GameClient] STATE_UPDATE t=0 status=Deployment mode=Simulation sid=sonarqg6p6n

stdout | tests/e2e/DeploymentWrongUnit.test.ts > Deployment Wrong Unit Selection > Dragging a unit from a stacked cell should move the top-most unit
[BROWSER] [GameClient] STATE_UPDATE t=0 status=Deployment mode=Simulation sid=sonarqg6p6n

stdout | tests/e2e/DeploymentWrongUnit.test.ts > Deployment Wrong Unit Selection > Dragging a unit from a stacked cell should move the top-most unit
[BROWSER] [GameClient] STATE_UPDATE t=0 status=Deployment mode=Simulation sid=sonarqg6p6n

stdout | tests/e2e/DeploymentWrongUnit.test.ts > Deployment Wrong Unit Selection > Dragging a unit from a stacked cell should move the top-most unit
[BROWSER] [GameClient] STATE_UPDATE t=0 status=Deployment mode=Simulation sid=sonarqg6p6n

stdout | tests/e2e/DeploymentWrongUnit.test.ts > Deployment Wrong Unit Selection > Dragging a unit from a stacked cell should move the top-most unit
[BROWSER] [GameClient] STATE_UPDATE t=0 status=Deployment mode=Simulation sid=sonarqg6p6n

stdout | tests/e2e/DeploymentWrongUnit.test.ts > Deployment Wrong Unit Selection > Dragging a unit from a stacked cell should move the top-most unit
[BROWSER] [GameClient] STATE_UPDATE t=0 status=Deployment mode=Simulation sid=sonarqg6p6n

stdout | tests/e2e/DeploymentWrongUnit.test.ts > Deployment Wrong Unit Selection > Dragging a unit from a stacked cell should move the top-most unit
[BROWSER] [GameClient] STATE_UPDATE t=0 status=Deployment mode=Simulation sid=sonarqg6p6n

stdout | tests/e2e/DeploymentWrongUnit.test.ts > Deployment Wrong Unit Selection > Dragging a unit from a stacked cell should move the top-most unit
[BROWSER] [GameClient] STATE_UPDATE t=0 status=Deployment mode=Simulation sid=sonarqg6p6n

stdout | tests/e2e/DeploymentWrongUnit.test.ts > Deployment Wrong Unit Selection > Dragging a unit from a stacked cell should move the top-most unit
[BROWSER] [GameClient] STATE_UPDATE t=0 status=Deployment mode=Simulation sid=sonarqg6p6n

stdout | tests/e2e/DeploymentWrongUnit.test.ts > Deployment Wrong Unit Selection > Dragging a unit from a stacked cell should move the top-most unit
[BROWSER] [GameClient] STATE_UPDATE t=0 status=Deployment mode=Simulation sid=sonarqg6p6n

stdout | tests/e2e/DeploymentWrongUnit.test.ts > Deployment Wrong Unit Selection > Dragging a unit from a stacked cell should move the top-most unit
[BROWSER] [GameClient] STATE_UPDATE t=0 status=Deployment mode=Simulation sid=sonarqg6p6n

stdout | tests/e2e/DeploymentWrongUnit.test.ts > Deployment Wrong Unit Selection > Dragging a unit from a stacked cell should move the top-most unit
[BROWSER] [GameClient] STATE_UPDATE t=0 status=Deployment mode=Simulation sid=sonarqg6p6n

stdout | tests/e2e/DeploymentWrongUnit.test.ts > Deployment Wrong Unit Selection > Dragging a unit from a stacked cell should move the top-most unit
[BROWSER] [GameClient] STATE_UPDATE t=0 status=Deployment mode=Simulation sid=sonarqg6p6n

stdout | tests/e2e/DeploymentWrongUnit.test.ts > Deployment Wrong Unit Selection > Dragging a unit from a stacked cell should move the top-most unit
[BROWSER] [GameClient] STATE_UPDATE t=0 status=Deployment mode=Simulation sid=sonarqg6p6n

stdout | tests/e2e/DeploymentWrongUnit.test.ts > Deployment Wrong Unit Selection > Dragging a unit from a stacked cell should move the top-most unit
[BROWSER] [GameClient] STATE_UPDATE t=0 status=Deployment mode=Simulation sid=sonarqg6p6n

stdout | tests/e2e/DeploymentWrongUnit.test.ts > Deployment Wrong Unit Selection > Dragging a unit from a stacked cell should move the top-most unit
[BROWSER] [GameClient] STATE_UPDATE t=0 status=Deployment mode=Simulation sid=sonarqg6p6n

stdout | tests/e2e/DeploymentWrongUnit.test.ts > Deployment Wrong Unit Selection > Dragging a unit from a stacked cell should move the top-most unit
[BROWSER] [GameClient] STATE_UPDATE t=0 status=Deployment mode=Simulation sid=sonarqg6p6n

stdout | tests/e2e/DeploymentWrongUnit.test.ts > Deployment Wrong Unit Selection > Dragging a unit from a stacked cell should move the top-most unit
[BROWSER] [GameClient] STATE_UPDATE t=0 status=Deployment mode=Simulation sid=sonarqg6p6n

stdout | tests/e2e/DeploymentWrongUnit.test.ts > Deployment Wrong Unit Selection > Dragging a unit from a stacked cell should move the top-most unit
[BROWSER] [GameClient] STATE_UPDATE t=0 status=Deployment mode=Simulation sid=sonarqg6p6n

stdout | tests/e2e/DeploymentWrongUnit.test.ts > Deployment Wrong Unit Selection > Dragging a unit from a stacked cell should move the top-most unit
[BROWSER] [GameClient] STATE_UPDATE t=0 status=Deployment mode=Simulation sid=sonarqg6p6n

stdout | tests/e2e/DeploymentWrongUnit.test.ts > Deployment Wrong Unit Selection > Dragging a unit from a stacked cell should move the top-most unit
Spawn point: { x: [33m1[39m, y: [33m6[39m, type: [32m'Floor'[39m, roomId: [32m'room-1-6'[39m }

stdout | tests/e2e/DeploymentWrongUnit.test.ts > Deployment Wrong Unit Selection > Dragging a unit from a stacked cell should move the top-most unit
[BROWSER] [GameClient] STATE_UPDATE t=0 status=Deployment mode=Simulation sid=sonarqg6p6n

stdout | tests/e2e/DeploymentWrongUnit.test.ts > Deployment Wrong Unit Selection > Dragging a unit from a stacked cell should move the top-most unit
Initial Deployed IDs: [ [32m'assault-1'[39m, [32m'medic-2'[39m, [32m'scout-3'[39m, [32m'assault-4'[39m ]
First Unit ID (expected to stay): assault-1
Last Unit ID (expected to move): assault-4

stdout | tests/e2e/DeploymentWrongUnit.test.ts > Deployment Wrong Unit Selection > Dragging a unit from a stacked cell should move the top-most unit
[BROWSER] [GameClient] STATE_UPDATE t=0 status=Deployment mode=Simulation sid=sonarqg6p6n

stdout | tests/e2e/DeploymentWrongUnit.test.ts > Deployment Wrong Unit Selection > Dragging a unit from a stacked cell should move the top-most unit
[BROWSER] [GameClient] STATE_UPDATE t=0 status=Deployment mode=Simulation sid=sonarqg6p6n

stdout | tests/e2e/DeploymentWrongUnit.test.ts > Deployment Wrong Unit Selection > Dragging a unit from a stacked cell should move the top-most unit
[BROWSER] [GameClient] STATE_UPDATE t=0 status=Deployment mode=Simulation sid=sonarqg6p6n

stdout | tests/e2e/DeploymentWrongUnit.test.ts > Deployment Wrong Unit Selection > Dragging a unit from a stacked cell should move the top-most unit
[BROWSER] [GameClient] STATE_UPDATE t=0 status=Deployment mode=Simulation sid=sonarqg6p6n

stdout | tests/e2e/DeploymentWrongUnit.test.ts > Deployment Wrong Unit Selection > Dragging a unit from a stacked cell should move the top-most unit
[BROWSER] [GameClient] STATE_UPDATE t=0 status=Deployment mode=Simulation sid=sonarqg6p6n

stdout | tests/e2e/DeploymentWrongUnit.test.ts > Deployment Wrong Unit Selection > Dragging a unit from a stacked cell should move the top-most unit
[BROWSER] [GameClient] STATE_UPDATE t=0 status=Deployment mode=Simulation sid=sonarqg6p6n

stdout | tests/e2e/DeploymentWrongUnit.test.ts > Deployment Wrong Unit Selection > Dragging a unit from a stacked cell should move the top-most unit
[BROWSER] [GameClient] STATE_UPDATE t=0 status=Deployment mode=Simulation sid=sonarqg6p6n

stdout | tests/e2e/DeploymentWrongUnit.test.ts > Deployment Wrong Unit Selection > Dragging a unit from a stacked cell should move the top-most unit
[BROWSER] [GameClient] STATE_UPDATE t=0 status=Deployment mode=Simulation sid=sonarqg6p6n

stdout | tests/e2e/DeploymentWrongUnit.test.ts > Deployment Wrong Unit Selection > Dragging a unit from a stacked cell should move the top-most unit
[BROWSER] [GameClient] STATE_UPDATE t=0 status=Deployment mode=Simulation sid=sonarqg6p6n

stdout | tests/e2e/DeploymentWrongUnit.test.ts > Deployment Wrong Unit Selection > Dragging a unit from a stacked cell should move the top-most unit
[BROWSER] [GameClient] STATE_UPDATE t=0 status=Deployment mode=Simulation sid=sonarqg6p6n

stdout | tests/e2e/DeploymentWrongUnit.test.ts > Deployment Wrong Unit Selection > Dragging a unit from a stacked cell should move the top-most unit
[BROWSER] [GameClient] STATE_UPDATE t=0 status=Deployment mode=Simulation sid=sonarqg6p6n

stdout | tests/e2e/DeploymentWrongUnit.test.ts > Deployment Wrong Unit Selection > Dragging a unit from a stacked cell should move the top-most unit
[BROWSER] [GameClient] STATE_UPDATE t=0 status=Deployment mode=Simulation sid=sonarqg6p6n

stdout | tests/e2e/DeploymentWrongUnit.test.ts > Deployment Wrong Unit Selection > Dragging a unit from a stacked cell should move the top-most unit
[BROWSER] [GameClient] STATE_UPDATE t=0 status=Deployment mode=Simulation sid=sonarqg6p6n

stdout | tests/e2e/DeploymentWrongUnit.test.ts > Deployment Wrong Unit Selection > Dragging a unit from a stacked cell should move the top-most unit
[BROWSER] [GameClient] STATE_UPDATE t=0 status=Deployment mode=Simulation sid=sonarqg6p6n

stdout | tests/e2e/DeploymentWrongUnit.test.ts > Deployment Wrong Unit Selection > Dragging a unit from a stacked cell should move the top-most unit
[BROWSER] [GameClient] STATE_UPDATE t=0 status=Deployment mode=Simulation sid=sonarqg6p6n

stdout | tests/e2e/DeploymentWrongUnit.test.ts > Deployment Wrong Unit Selection > Dragging a unit from a stacked cell should move the top-most unit
[BROWSER] [GameClient] STATE_UPDATE t=0 status=Deployment mode=Simulation sid=sonarqg6p6n

stdout | tests/e2e/DeploymentWrongUnit.test.ts > Deployment Wrong Unit Selection > Dragging a unit from a stacked cell should move the top-most unit
[BROWSER] [GameClient] STATE_UPDATE t=0 status=Deployment mode=Simulation sid=sonarqg6p6n

stdout | tests/e2e/DeploymentWrongUnit.test.ts > Deployment Wrong Unit Selection > Dragging a unit from a stacked cell should move the top-most unit
[BROWSER] [GameClient] STATE_UPDATE t=0 status=Deployment mode=Simulation sid=sonarqg6p6n

stdout | tests/e2e/DeploymentWrongUnit.test.ts > Deployment Wrong Unit Selection > Dragging a unit from a stacked cell should move the top-most unit
[BROWSER] [GameClient] STATE_UPDATE t=0 status=Deployment mode=Simulation sid=sonarqg6p6n

stdout | tests/e2e/DeploymentWrongUnit.test.ts > Deployment Wrong Unit Selection > Dragging a unit from a stacked cell should move the top-most unit
[BROWSER] [GameClient] STATE_UPDATE t=0 status=Deployment mode=Simulation sid=sonarqg6p6n

stdout | tests/e2e/DeploymentWrongUnit.test.ts > Deployment Wrong Unit Selection > Dragging a unit from a stacked cell should move the top-most unit
[BROWSER] [GameClient] STATE_UPDATE t=0 status=Deployment mode=Simulation sid=sonarqg6p6n

stdout | tests/e2e/DeploymentWrongUnit.test.ts > Deployment Wrong Unit Selection > Dragging a unit from a stacked cell should move the top-most unit
[BROWSER] [GameClient] STATE_UPDATE t=0 status=Deployment mode=Simulation sid=sonarqg6p6n

stdout | tests/e2e/DeploymentWrongUnit.test.ts > Deployment Wrong Unit Selection > Dragging a unit from a stacked cell should move the top-most unit
[BROWSER] [GameClient] STATE_UPDATE t=0 status=Deployment mode=Simulation sid=sonarqg6p6n

stdout | tests/e2e/DeploymentWrongUnit.test.ts > Deployment Wrong Unit Selection > Dragging a unit from a stacked cell should move the top-most unit
[BROWSER] [GameClient] STATE_UPDATE t=0 status=Deployment mode=Simulation sid=sonarqg6p6n

stdout | tests/e2e/DeploymentWrongUnit.test.ts > Deployment Wrong Unit Selection > Dragging a unit from a stacked cell should move the top-most unit
[BROWSER] [GameClient] STATE_UPDATE t=0 status=Deployment mode=Simulation sid=sonarqg6p6n

stdout | tests/e2e/DeploymentWrongUnit.test.ts > Deployment Wrong Unit Selection > Dragging a unit from a stacked cell should move the top-most unit
[BROWSER] [GameClient] STATE_UPDATE t=0 status=Deployment mode=Simulation sid=sonarqg6p6n

stdout | tests/e2e/DeploymentWrongUnit.test.ts > Deployment Wrong Unit Selection > Dragging a unit from a stacked cell should move the top-most unit
[BROWSER] [GameClient] STATE_UPDATE t=0 status=Deployment mode=Simulation sid=sonarqg6p6n

stdout | tests/e2e/DeploymentWrongUnit.test.ts > Deployment Wrong Unit Selection > Dragging a unit from a stacked cell should move the top-most unit
[BROWSER] [GameClient] STATE_UPDATE t=0 status=Deployment mode=Simulation sid=sonarqg6p6n

stdout | tests/e2e/DeploymentWrongUnit.test.ts > Deployment Wrong Unit Selection > Dragging a unit from a stacked cell should move the top-most unit
[BROWSER] [GameClient] STATE_UPDATE t=0 status=Deployment mode=Simulation sid=sonarqg6p6n

stdout | tests/e2e/DeploymentWrongUnit.test.ts > Deployment Wrong Unit Selection > Dragging a unit from a stacked cell should move the top-most unit
[BROWSER] [GameClient] STATE_UPDATE t=0 status=Deployment mode=Simulation sid=sonarqg6p6n

stdout | tests/e2e/DeploymentWrongUnit.test.ts > Deployment Wrong Unit Selection > Dragging a unit from a stacked cell should move the top-most unit
[BROWSER] [GameClient] STATE_UPDATE t=0 status=Deployment mode=Simulation sid=sonarqg6p6n

stdout | tests/e2e/DeploymentWrongUnit.test.ts > Deployment Wrong Unit Selection > Dragging a unit from a stacked cell should move the top-most unit
[BROWSER] [GameClient] STATE_UPDATE t=0 status=Deployment mode=Simulation sid=sonarqg6p6n

stdout | tests/e2e/DeploymentWrongUnit.test.ts > Deployment Wrong Unit Selection > Dragging a unit from a stacked cell should move the top-most unit
[BROWSER] [GameClient] STATE_UPDATE t=0 status=Deployment mode=Simulation sid=sonarqg6p6n

stdout | tests/e2e/DeploymentWrongUnit.test.ts > Deployment Wrong Unit Selection > Dragging a unit from a stacked cell should move the top-most unit
[BROWSER] [GameClient] STATE_UPDATE t=0 status=Deployment mode=Simulation sid=sonarqg6p6n

stdout | tests/e2e/DeploymentWrongUnit.test.ts > Deployment Wrong Unit Selection > Dragging a unit from a stacked cell should move the top-most unit
[BROWSER] [GameClient] STATE_UPDATE t=0 status=Deployment mode=Simulation sid=sonarqg6p6n

stdout | tests/e2e/DeploymentWrongUnit.test.ts > Deployment Wrong Unit Selection > Dragging a unit from a stacked cell should move the top-most unit
[BROWSER] [GameClient] STATE_UPDATE t=0 status=Deployment mode=Simulation sid=sonarqg6p6n

stdout | tests/e2e/DeploymentWrongUnit.test.ts > Deployment Wrong Unit Selection > Dragging a unit from a stacked cell should move the top-most unit
[BROWSER] [GameClient] STATE_UPDATE t=0 status=Deployment mode=Simulation sid=sonarqg6p6n

stdout | tests/e2e/DeploymentWrongUnit.test.ts > Deployment Wrong Unit Selection > Dragging a unit from a stacked cell should move the top-most unit
[BROWSER] [GameClient] STATE_UPDATE t=0 status=Deployment mode=Simulation sid=sonarqg6p6n

stdout | tests/e2e/DeploymentWrongUnit.test.ts > Deployment Wrong Unit Selection > Dragging a unit from a stacked cell should move the top-most unit
[BROWSER] [GameClient] STATE_UPDATE t=0 status=Deployment mode=Simulation sid=sonarqg6p6n

stdout | tests/e2e/DeploymentWrongUnit.test.ts > Deployment Wrong Unit Selection > Dragging a unit from a stacked cell should move the top-most unit
[BROWSER] [GameClient] STATE_UPDATE t=0 status=Deployment mode=Simulation sid=sonarqg6p6n

stdout | tests/e2e/DeploymentWrongUnit.test.ts > Deployment Wrong Unit Selection > Dragging a unit from a stacked cell should move the top-most unit
[BROWSER] [GameClient] STATE_UPDATE t=0 status=Deployment mode=Simulation sid=sonarqg6p6n

stdout | tests/e2e/DeploymentWrongUnit.test.ts > Deployment Wrong Unit Selection > Dragging a unit from a stacked cell should move the top-most unit
[BROWSER] [GameClient] STATE_UPDATE t=0 status=Deployment mode=Simulation sid=sonarqg6p6n

stdout | tests/e2e/DeploymentWrongUnit.test.ts > Deployment Wrong Unit Selection > Dragging a unit from a stacked cell should move the top-most unit
[BROWSER] [GameClient] STATE_UPDATE t=0 status=Deployment mode=Simulation sid=sonarqg6p6n

stdout | tests/e2e/DeploymentWrongUnit.test.ts > Deployment Wrong Unit Selection > Dragging a unit from a stacked cell should move the top-most unit
[BROWSER] [GameClient] STATE_UPDATE t=0 status=Deployment mode=Simulation sid=sonarqg6p6n

stdout | tests/e2e/DeploymentWrongUnit.test.ts > Deployment Wrong Unit Selection > Dragging a unit from a stacked cell should move the top-most unit
[BROWSER] [GameClient] STATE_UPDATE t=0 status=Deployment mode=Simulation sid=sonarqg6p6n

stdout | tests/e2e/DeploymentWrongUnit.test.ts > Deployment Wrong Unit Selection > Dragging a unit from a stacked cell should move the top-most unit
[BROWSER] [GameClient] STATE_UPDATE t=0 status=Deployment mode=Simulation sid=sonarqg6p6n

stdout | tests/e2e/DeploymentWrongUnit.test.ts > Deployment Wrong Unit Selection > Dragging a unit from a stacked cell should move the top-most unit
[BROWSER] [GameClient] STATE_UPDATE t=0 status=Deployment mode=Simulation sid=sonarqg6p6n

stdout | tests/e2e/DeploymentWrongUnit.test.ts > Deployment Wrong Unit Selection > Dragging a unit from a stacked cell should move the top-most unit
[BROWSER] [GameClient] STATE_UPDATE t=0 status=Deployment mode=Simulation sid=sonarqg6p6n

stdout | tests/e2e/DeploymentWrongUnit.test.ts > Deployment Wrong Unit Selection > Dragging a unit from a stacked cell should move the top-most unit
[BROWSER] [GameClient] STATE_UPDATE t=0 status=Deployment mode=Simulation sid=sonarqg6p6n

stdout | tests/e2e/DeploymentWrongUnit.test.ts > Deployment Wrong Unit Selection > Dragging a unit from a stacked cell should move the top-most unit
[BROWSER] [GameClient] STATE_UPDATE t=0 status=Deployment mode=Simulation sid=sonarqg6p6n

stdout | tests/e2e/DeploymentWrongUnit.test.ts > Deployment Wrong Unit Selection > Dragging a unit from a stacked cell should move the top-most unit
[BROWSER] [GameClient] STATE_UPDATE t=0 status=Deployment mode=Simulation sid=sonarqg6p6n

stdout | tests/e2e/DeploymentWrongUnit.test.ts > Deployment Wrong Unit Selection > Dragging a unit from a stacked cell should move the top-most unit
[BROWSER] [GameClient] STATE_UPDATE t=0 status=Deployment mode=Simulation sid=sonarqg6p6n

stdout | tests/e2e/DeploymentWrongUnit.test.ts > Deployment Wrong Unit Selection > Dragging a unit from a stacked cell should move the top-most unit
[BROWSER] [GameClient] STATE_UPDATE t=0 status=Deployment mode=Simulation sid=sonarqg6p6n

stdout | tests/e2e/DeploymentWrongUnit.test.ts > Deployment Wrong Unit Selection > Dragging a unit from a stacked cell should move the top-most unit
[BROWSER] [GameClient] STATE_UPDATE t=0 status=Deployment mode=Simulation sid=sonarqg6p6n

stdout | tests/e2e/DeploymentWrongUnit.test.ts > Deployment Wrong Unit Selection > Dragging a unit from a stacked cell should move the top-most unit
[BROWSER] [GameClient] STATE_UPDATE t=0 status=Deployment mode=Simulation sid=sonarqg6p6n

stdout | tests/e2e/DeploymentWrongUnit.test.ts > Deployment Wrong Unit Selection > Dragging a unit from a stacked cell should move the top-most unit
[BROWSER] [GameClient] STATE_UPDATE t=0 status=Deployment mode=Simulation sid=sonarqg6p6n

stdout | tests/e2e/DeploymentWrongUnit.test.ts > Deployment Wrong Unit Selection > Dragging a unit from a stacked cell should move the top-most unit
[BROWSER] [GameClient] STATE_UPDATE t=0 status=Deployment mode=Simulation sid=sonarqg6p6n

stdout | tests/e2e/DeploymentWrongUnit.test.ts > Deployment Wrong Unit Selection > Dragging a unit from a stacked cell should move the top-most unit
[BROWSER] [GameClient] STATE_UPDATE t=0 status=Deployment mode=Simulation sid=sonarqg6p6n

stdout | tests/e2e/DeploymentWrongUnit.test.ts > Deployment Wrong Unit Selection > Dragging a unit from a stacked cell should move the top-most unit
[BROWSER] [GameClient] STATE_UPDATE t=0 status=Deployment mode=Simulation sid=sonarqg6p6n

stdout | tests/e2e/DeploymentWrongUnit.test.ts > Deployment Wrong Unit Selection > Dragging a unit from a stacked cell should move the top-most unit
[BROWSER] [GameClient] STATE_UPDATE t=0 status=Deployment mode=Simulation sid=sonarqg6p6n

stdout | tests/e2e/DeploymentWrongUnit.test.ts > Deployment Wrong Unit Selection > Dragging a unit from a stacked cell should move the top-most unit
[BROWSER] [GameClient] STATE_UPDATE t=0 status=Deployment mode=Simulation sid=sonarqg6p6n

stdout | tests/e2e/DeploymentWrongUnit.test.ts > Deployment Wrong Unit Selection > Dragging a unit from a stacked cell should move the top-most unit
[BROWSER] [GameClient] STATE_UPDATE t=0 status=Deployment mode=Simulation sid=sonarqg6p6n

stdout | tests/e2e/DeploymentWrongUnit.test.ts > Deployment Wrong Unit Selection > Dragging a unit from a stacked cell should move the top-most unit
[BROWSER] [GameClient] STATE_UPDATE t=0 status=Deployment mode=Simulation sid=sonarqg6p6n

stdout | tests/e2e/DeploymentWrongUnit.test.ts > Deployment Wrong Unit Selection > Dragging a unit from a stacked cell should move the top-most unit
[BROWSER] [GameClient] STATE_UPDATE t=0 status=Deployment mode=Simulation sid=sonarqg6p6n

stdout | tests/e2e/DeploymentWrongUnit.test.ts > Deployment Wrong Unit Selection > Dragging a unit from a stacked cell should move the top-most unit
[BROWSER] [GameClient] STATE_UPDATE t=0 status=Deployment mode=Simulation sid=sonarqg6p6n

stdout | tests/e2e/DeploymentWrongUnit.test.ts > Deployment Wrong Unit Selection > Dragging a unit from a stacked cell should move the top-most unit
[BROWSER] [GameClient] STATE_UPDATE t=0 status=Deployment mode=Simulation sid=sonarqg6p6n

stdout | tests/e2e/DeploymentWrongUnit.test.ts > Deployment Wrong Unit Selection > Dragging a unit from a stacked cell should move the top-most unit
[BROWSER] [GameClient] STATE_UPDATE t=0 status=Deployment mode=Simulation sid=sonarqg6p6n

stdout | tests/e2e/DeploymentWrongUnit.test.ts > Deployment Wrong Unit Selection > Dragging a unit from a stacked cell should move the top-most unit
[BROWSER] [GameClient] STATE_UPDATE t=0 status=Deployment mode=Simulation sid=sonarqg6p6n

stdout | tests/e2e/DeploymentWrongUnit.test.ts > Deployment Wrong Unit Selection > Dragging a unit from a stacked cell should move the top-most unit
[BROWSER] [GameClient] STATE_UPDATE t=0 status=Deployment mode=Simulation sid=sonarqg6p6n

stdout | tests/e2e/DeploymentWrongUnit.test.ts > Deployment Wrong Unit Selection > Dragging a unit from a stacked cell should move the top-most unit
[BROWSER] [GameClient] STATE_UPDATE t=0 status=Deployment mode=Simulation sid=sonarqg6p6n

stdout | tests/e2e/DeploymentWrongUnit.test.ts > Deployment Wrong Unit Selection > Dragging a unit from a stacked cell should move the top-most unit
[BROWSER] [GameClient] STATE_UPDATE t=0 status=Deployment mode=Simulation sid=sonarqg6p6n

stdout | tests/e2e/DeploymentWrongUnit.test.ts > Deployment Wrong Unit Selection > Dragging a unit from a stacked cell should move the top-most unit
[BROWSER] [GameClient] STATE_UPDATE t=0 status=Deployment mode=Simulation sid=sonarqg6p6n

stdout | tests/e2e/DeploymentWrongUnit.test.ts > Deployment Wrong Unit Selection > Dragging a unit from a stacked cell should move the top-most unit
[BROWSER] [GameClient] STATE_UPDATE t=0 status=Deployment mode=Simulation sid=sonarqg6p6n

stdout | tests/e2e/DeploymentWrongUnit.test.ts > Deployment Wrong Unit Selection > Dragging a unit from a stacked cell should move the top-most unit
[BROWSER] [GameClient] STATE_UPDATE t=0 status=Deployment mode=Simulation sid=sonarqg6p6n

stdout | tests/e2e/DeploymentWrongUnit.test.ts > Deployment Wrong Unit Selection > Dragging a unit from a stacked cell should move the top-most unit
[BROWSER] [GameClient] STATE_UPDATE t=0 status=Deployment mode=Simulation sid=sonarqg6p6n

stdout | tests/e2e/DeploymentWrongUnit.test.ts > Deployment Wrong Unit Selection > Dragging a unit from a stacked cell should move the top-most unit
[BROWSER] [GameClient] STATE_UPDATE t=0 status=Deployment mode=Simulation sid=sonarqg6p6n

stdout | tests/e2e/DeploymentWrongUnit.test.ts > Deployment Wrong Unit Selection > Dragging a unit from a stacked cell should move the top-most unit
[BROWSER] [GameClient] STATE_UPDATE t=0 status=Deployment mode=Simulation sid=sonarqg6p6n

stdout | tests/e2e/DeploymentWrongUnit.test.ts > Deployment Wrong Unit Selection > Dragging a unit from a stacked cell should move the top-most unit
[BROWSER] [GameClient] STATE_UPDATE t=0 status=Deployment mode=Simulation sid=sonarqg6p6n

stdout | tests/e2e/DeploymentWrongUnit.test.ts > Deployment Wrong Unit Selection > Dragging a unit from a stacked cell should move the top-most unit
[BROWSER] [GameClient] STATE_UPDATE t=0 status=Deployment mode=Simulation sid=sonarqg6p6n

stdout | tests/e2e/DeploymentWrongUnit.test.ts > Deployment Wrong Unit Selection > Dragging a unit from a stacked cell should move the top-most unit
[BROWSER] [GameClient] STATE_UPDATE t=0 status=Deployment mode=Simulation sid=sonarqg6p6n

stdout | tests/e2e/DeploymentWrongUnit.test.ts > Deployment Wrong Unit Selection > Dragging a unit from a stacked cell should move the top-most unit
[BROWSER] [GameClient] STATE_UPDATE t=0 status=Deployment mode=Simulation sid=sonarqg6p6n

stdout | tests/e2e/DeploymentWrongUnit.test.ts > Deployment Wrong Unit Selection > Dragging a unit from a stacked cell should move the top-most unit
[BROWSER] [GameClient] STATE_UPDATE t=0 status=Deployment mode=Simulation sid=sonarqg6p6n

stdout | tests/e2e/DeploymentWrongUnit.test.ts > Deployment Wrong Unit Selection > Dragging a unit from a stacked cell should move the top-most unit
[BROWSER] [GameClient] STATE_UPDATE t=0 status=Deployment mode=Simulation sid=sonarqg6p6n

stdout | tests/e2e/DeploymentWrongUnit.test.ts > Deployment Wrong Unit Selection > Dragging a unit from a stacked cell should move the top-most unit
[BROWSER] [GameClient] STATE_UPDATE t=0 status=Deployment mode=Simulation sid=sonarqg6p6n

stdout | tests/e2e/DeploymentWrongUnit.test.ts > Deployment Wrong Unit Selection > Dragging a unit from a stacked cell should move the top-most unit
[BROWSER] [GameClient] STATE_UPDATE t=0 status=Deployment mode=Simulation sid=sonarqg6p6n

stdout | tests/e2e/DeploymentWrongUnit.test.ts > Deployment Wrong Unit Selection > Dragging a unit from a stacked cell should move the top-most unit
[BROWSER] [GameClient] STATE_UPDATE t=0 status=Deployment mode=Simulation sid=sonarqg6p6n

stdout | tests/e2e/DeploymentWrongUnit.test.ts > Deployment Wrong Unit Selection > Dragging a unit from a stacked cell should move the top-most unit
[BROWSER] [GameClient] STATE_UPDATE t=0 status=Deployment mode=Simulation sid=sonarqg6p6n

stdout | tests/e2e/DeploymentWrongUnit.test.ts > Deployment Wrong Unit Selection > Dragging a unit from a stacked cell should move the top-most unit
[BROWSER] [GameClient] STATE_UPDATE t=0 status=Deployment mode=Simulation sid=sonarqg6p6n

stdout | tests/e2e/DeploymentWrongUnit.test.ts > Deployment Wrong Unit Selection > Dragging a unit from a stacked cell should move the top-most unit
[BROWSER] [GameClient] STATE_UPDATE t=0 status=Deployment mode=Simulation sid=sonarqg6p6n

stdout | tests/e2e/DeploymentWrongUnit.test.ts > Deployment Wrong Unit Selection > Dragging a unit from a stacked cell should move the top-most unit
[BROWSER] [GameClient] STATE_UPDATE t=0 status=Deployment mode=Simulation sid=sonarqg6p6n

stdout | tests/e2e/DeploymentWrongUnit.test.ts > Deployment Wrong Unit Selection > Dragging a unit from a stacked cell should move the top-most unit
[BROWSER] [GameClient] STATE_UPDATE t=0 status=Deployment mode=Simulation sid=sonarqg6p6n

stdout | tests/e2e/DeploymentWrongUnit.test.ts > Deployment Wrong Unit Selection > Dragging a unit from a stacked cell should move the top-most unit
[BROWSER] [GameClient] STATE_UPDATE t=0 status=Deployment mode=Simulation sid=sonarqg6p6n

stdout | tests/e2e/DeploymentWrongUnit.test.ts > Deployment Wrong Unit Selection > Dragging a unit from a stacked cell should move the top-most unit
[BROWSER] [GameClient] STATE_UPDATE t=0 status=Deployment mode=Simulation sid=sonarqg6p6n

stdout | tests/e2e/DeploymentWrongUnit.test.ts > Deployment Wrong Unit Selection > Dragging a unit from a stacked cell should move the top-most unit
[BROWSER] [GameClient] STATE_UPDATE t=0 status=Deployment mode=Simulation sid=sonarqg6p6n

stdout | tests/e2e/DeploymentWrongUnit.test.ts > Deployment Wrong Unit Selection > Dragging a unit from a stacked cell should move the top-most unit
[BROWSER] [GameClient] STATE_UPDATE t=0 status=Deployment mode=Simulation sid=sonarqg6p6n

stdout | tests/e2e/DeploymentWrongUnit.test.ts > Deployment Wrong Unit Selection > Dragging a unit from a stacked cell should move the top-most unit
[BROWSER] [GameClient] STATE_UPDATE t=0 status=Deployment mode=Simulation sid=sonarqg6p6n

stdout | tests/e2e/DeploymentWrongUnit.test.ts > Deployment Wrong Unit Selection > Dragging a unit from a stacked cell should move the top-most unit
[BROWSER] [GameClient] STATE_UPDATE t=0 status=Deployment mode=Simulation sid=sonarqg6p6n

stdout | tests/e2e/DeploymentWrongUnit.test.ts > Deployment Wrong Unit Selection > Dragging a unit from a stacked cell should move the top-most unit
[BROWSER] [GameClient] STATE_UPDATE t=0 status=Deployment mode=Simulation sid=sonarqg6p6n

stdout | tests/e2e/DeploymentWrongUnit.test.ts > Deployment Wrong Unit Selection > Dragging a unit from a stacked cell should move the top-most unit
[BROWSER] [GameClient] STATE_UPDATE t=0 status=Deployment mode=Simulation sid=sonarqg6p6n

stdout | tests/e2e/DeploymentWrongUnit.test.ts > Deployment Wrong Unit Selection > Dragging a unit from a stacked cell should move the top-most unit
[BROWSER] [GameClient] STATE_UPDATE t=0 status=Deployment mode=Simulation sid=sonarqg6p6n

stdout | tests/e2e/DeploymentWrongUnit.test.ts > Deployment Wrong Unit Selection > Dragging a unit from a stacked cell should move the top-most unit
[BROWSER] [GameClient] STATE_UPDATE t=0 status=Deployment mode=Simulation sid=sonarqg6p6n

stdout | tests/e2e/DeploymentWrongUnit.test.ts > Deployment Wrong Unit Selection > Dragging a unit from a stacked cell should move the top-most unit
[BROWSER] [GameClient] STATE_UPDATE t=0 status=Deployment mode=Simulation sid=sonarqg6p6n

stdout | tests/e2e/DeploymentWrongUnit.test.ts > Deployment Wrong Unit Selection > Dragging a unit from a stacked cell should move the top-most unit
[BROWSER] [GameClient] STATE_UPDATE t=0 status=Deployment mode=Simulation sid=sonarqg6p6n

stdout | tests/e2e/DeploymentWrongUnit.test.ts > Deployment Wrong Unit Selection > Dragging a unit from a stacked cell should move the top-most unit
[BROWSER] [GameClient] STATE_UPDATE t=0 status=Deployment mode=Simulation sid=sonarqg6p6n

stdout | tests/e2e/DeploymentWrongUnit.test.ts > Deployment Wrong Unit Selection > Dragging a unit from a stacked cell should move the top-most unit
[BROWSER] [GameClient] STATE_UPDATE t=0 status=Deployment mode=Simulation sid=sonarqg6p6n

stdout | tests/e2e/DeploymentWrongUnit.test.ts > Deployment Wrong Unit Selection > Dragging a unit from a stacked cell should move the top-most unit
[BROWSER] [GameClient] STATE_UPDATE t=0 status=Deployment mode=Simulation sid=sonarqg6p6n

stdout | tests/e2e/DeploymentWrongUnit.test.ts > Deployment Wrong Unit Selection > Dragging a unit from a stacked cell should move the top-most unit
[BROWSER] [GameClient] STATE_UPDATE t=0 status=Deployment mode=Simulation sid=sonarqg6p6n

stdout | tests/e2e/DeploymentWrongUnit.test.ts > Deployment Wrong Unit Selection > Dragging a unit from a stacked cell should move the top-most unit
[BROWSER] [GameClient] STATE_UPDATE t=0 status=Deployment mode=Simulation sid=sonarqg6p6n

stdout | tests/e2e/DeploymentWrongUnit.test.ts > Deployment Wrong Unit Selection > Dragging a unit from a stacked cell should move the top-most unit
[BROWSER] [GameClient] STATE_UPDATE t=0 status=Deployment mode=Simulation sid=sonarqg6p6n

stdout | tests/e2e/DeploymentWrongUnit.test.ts > Deployment Wrong Unit Selection > Dragging a unit from a stacked cell should move the top-most unit
Final Deployed IDs: [ [32m'assault-1'[39m, [32m'medic-2'[39m, [32m'scout-3'[39m, [32m'assault-4'[39m ]

stdout | tests/e2e/DeploymentWrongUnit.test.ts > Deployment Wrong Unit Selection
[BROWSER] [GameClient] STATE_UPDATE t=0 status=Deployment mode=Simulation sid=sonarqg6p6n

 ❯ tests/e2e/DeploymentWrongUnit.test.ts (1 test | 1 failed) 5791ms
   × Deployment Wrong Unit Selection > Dragging a unit from a stacked cell should move the top-most unit 5416ms
     → The top-most unit should have been moved: expected [ 'assault-1', 'medic-2', …(2) ] to not include 'assault-4'

⎯⎯⎯⎯⎯⎯⎯ Failed Tests 1 ⎯⎯⎯⎯⎯⎯⎯

 FAIL  tests/e2e/DeploymentWrongUnit.test.ts > Deployment Wrong Unit Selection > Dragging a unit from a stacked cell should move the top-most unit
AssertionError: The top-most unit should have been moved: expected [ 'assault-1', 'medic-2', …(2) ] to not include 'assault-4'
 ❯ tests/e2e/DeploymentWrongUnit.test.ts:177:78
    175|     // If BUG: The FIRST unit (index 0) was undeployed instead.
    176|     
    177|     expect(finalDeployedIds, "The top-most unit should have been moved…
       |                                                                              ^
    178|     expect(finalDeployedIds, "The bottom-most unit should have remaine…
    179|   }, 60000);

⎯⎯⎯⎯⎯⎯⎯⎯⎯⎯⎯⎯⎯⎯⎯⎯⎯⎯⎯⎯⎯⎯⎯⎯[1/1]⎯


 Test Files  1 failed (1)
      Tests  1 failed (1)
   Start at  20:41:06
   Duration  6.20s (transform 33ms, setup 0ms, collect 147ms, tests 5.79s, environment 0ms, prepare 61ms)

Vite dev server stopped
